*** EVALUATION ***
PROGRAM "MyWirelessApp Demo Beacon (Coordinator).abs"

*********************************************************************************************
TARGET SECTION
---------------------------------------------------------------------------------------------
Processor   : Freescale HC08
Memory Model: BANKED
File Format : ELF\DWARF 2.0
Linker      : SmartLinker V-5.0.49 Build 12319, Nov 15 2012

*********************************************************************************************
FILE SECTION
---------------------------------------------------------------------------------------------
ZtcMain_c.obj                           Model: BANKED,        Lang: ANSI-C
TS_kernel_c.obj                         Model: BANKED,        Lang: ANSI-C
Uart_c.obj                              Model: BANKED,        Lang: ANSI-C
Timer_c.obj                             Model: BANKED,        Lang: ANSI-C
SPI_c.obj                               Model: BANKED,        Lang: ANSI-C
RSTHal_c.obj                            Model: BANKED,        Lang: ANSI-C
Led_c.obj                               Model: BANKED,        Lang: ANSI-C
PWRLib_c.obj                            Model: BANKED,        Lang: ANSI-C
PWR_MC1323x_c.obj                       Model: BANKED,        Lang: ANSI-C
Keyboard_c.obj                          Model: BANKED,        Lang: ANSI-C
IIC_c.obj                               Model: BANKED,        Lang: ANSI-C
FunctionLib_c.obj                       Model: BANKED,        Lang: ANSI-C
NV_Data_c.obj                           Model: BANKED,        Lang: ANSI-C
PlatformInit_c.obj                      Model: BANKED,        Lang: ANSI-C
crt0_c.obj                              Model: BANKED,        Lang: ANSI-C
dummyisr_c.obj                          Model: BANKED,        Lang: ANSI-C
icg_c.obj                               Model: BANKED,        Lang: ANSI-C
isrvectors_c.obj                        Model: BANKED,        Lang: ANSI-C
CMT_c.obj                               Model: BANKED,        Lang: ANSI-C
PhyISR_c.obj                            Model: BANKED,        Lang: ANSI-C
PhyPacketProcessor_c.obj                Model: BANKED,        Lang: ANSI-C
PhyPlmeData_c.obj                       Model: BANKED,        Lang: ANSI-C
PhyTime_c.obj                           Model: BANKED,        Lang: ANSI-C
UartUtil_c.obj                          Model: BANKED,        Lang: ANSI-C
MApp_c.obj                              Model: BANKED,        Lang: ANSI-C
MApp_init_c.obj                         Model: BANKED,        Lang: ANSI-C
MacInit_c.obj                           Model: BANKED,        Lang: ANSI-C
GlobalVars_c.obj                        Model: BANKED,        Lang: ANSI-C
rtshc08.o (ansibim.lib)                 Model: BANKED,        Lang: ANSI-C
PhyMacMsg_c.obj (802.15.4_MAC_FFD_S08MC1323x.Lib)Model: BANKED,        Lang: ANSI-C
SmApi_c.obj (802.15.4_MAC_FFD_S08MC1323x.Lib)Model: BANKED,        Lang: ANSI-C
SecurityLib_c.obj (802.15.4_MAC_FFD_S08MC1323x.Lib)Model: BANKED,        Lang: ANSI-C
SecurityApply_c.obj (802.15.4_MAC_FFD_S08MC1323x.Lib)Model: BANKED,        Lang: ANSI-C
SecurityControl_c.obj (802.15.4_MAC_FFD_S08MC1323x.Lib)Model: BANKED,        Lang: ANSI-C
PacketManager_c.obj (802.15.4_MAC_FFD_S08MC1323x.Lib)Model: BANKED,        Lang: ANSI-C
PacketLib_c.obj (802.15.4_MAC_FFD_S08MC1323x.Lib)Model: BANKED,        Lang: ANSI-C
MacPib_c.obj (802.15.4_MAC_FFD_S08MC1323x.Lib)Model: BANKED,        Lang: ANSI-C
MacConst_c.obj (802.15.4_MAC_FFD_S08MC1323x.Lib)Model: BANKED,        Lang: ANSI-C
ClockManager_c.obj (802.15.4_MAC_FFD_S08MC1323x.Lib)Model: BANKED,        Lang: ANSI-C
AsmDriver_c.obj (802.15.4_MAC_FFD_S08MC1323x.Lib)Model: BANKED,        Lang: ANSI-C
MacSeqMC1323X_c.obj (802.15.4_MAC_FFD_S08MC1323x.Lib)Model: BANKED,        Lang: ANSI-C
SeqRxMC1323X_c.obj (802.15.4_MAC_FFD_S08MC1323x.Lib)Model: BANKED,        Lang: ANSI-C
SeqSubMainMC1323X_c.obj (802.15.4_MAC_FFD_S08MC1323x.Lib)Model: BANKED,        Lang: ANSI-C
SeqTxMC1323X_c.obj (802.15.4_MAC_FFD_S08MC1323x.Lib)Model: BANKED,        Lang: ANSI-C
MlmeStart_c.obj (802.15.4_MAC_FFD_S08MC1323x.Lib)Model: BANKED,        Lang: ANSI-C
MlmeScan_c.obj (802.15.4_MAC_FFD_S08MC1323x.Lib)Model: BANKED,        Lang: ANSI-C
MlmePanIdConflict_c.obj (802.15.4_MAC_FFD_S08MC1323x.Lib)Model: BANKED,        Lang: ANSI-C
MlmeInputHandler_c.obj (802.15.4_MAC_FFD_S08MC1323x.Lib)Model: BANKED,        Lang: ANSI-C
MlmeMain_c.obj (802.15.4_MAC_FFD_S08MC1323x.Lib)Model: BANKED,        Lang: ANSI-C
MlmeOutputHandler_c.obj (802.15.4_MAC_FFD_S08MC1323x.Lib)Model: BANKED,        Lang: ANSI-C
MlmeSm_c.obj (802.15.4_MAC_FFD_S08MC1323x.Lib)Model: BANKED,        Lang: ANSI-C
MlmeGts_c.obj (802.15.4_MAC_FFD_S08MC1323x.Lib)Model: BANKED,        Lang: ANSI-C
MlmeAssociate_c.obj (802.15.4_MAC_FFD_S08MC1323x.Lib)Model: BANKED,        Lang: ANSI-C
MemTimer_c.obj (802.15.4_MAC_FFD_S08MC1323x.Lib)Model: BANKED,        Lang: ANSI-C
MemScan_c.obj (802.15.4_MAC_FFD_S08MC1323x.Lib)Model: BANKED,        Lang: ANSI-C
MemData_c.obj (802.15.4_MAC_FFD_S08MC1323x.Lib)Model: BANKED,        Lang: ANSI-C
MemBeacon_c.obj (802.15.4_MAC_FFD_S08MC1323x.Lib)Model: BANKED,        Lang: ANSI-C
MemBeaconSupport_c.obj (802.15.4_MAC_FFD_S08MC1323x.Lib)Model: BANKED,        Lang: ANSI-C
MemInputHandler_c.obj (802.15.4_MAC_FFD_S08MC1323x.Lib)Model: BANKED,        Lang: ANSI-C
MemOutputHandler_c.obj (802.15.4_MAC_FFD_S08MC1323x.Lib)Model: BANKED,        Lang: ANSI-C
MemSmControl_c.obj (802.15.4_MAC_FFD_S08MC1323x.Lib)Model: BANKED,        Lang: ANSI-C
MemSmLib_c.obj (802.15.4_MAC_FFD_S08MC1323x.Lib)Model: BANKED,        Lang: ANSI-C
MemSmLower_c.obj (802.15.4_MAC_FFD_S08MC1323x.Lib)Model: BANKED,        Lang: ANSI-C
McpsConversion_c.obj (802.15.4_MAC_FFD_S08MC1323x.Lib)Model: BANKED,        Lang: ANSI-C
MacMain_c.obj (802.15.4_MAC_FFD_S08MC1323x.Lib)Model: BANKED,        Lang: ANSI-C
ASPMain_c.obj (802.15.4_MAC_FFD_S08MC1323x.Lib)Model: BANKED,        Lang: ANSI-C
Telec_c.obj (802.15.4_MAC_FFD_S08MC1323x.Lib)Model: BANKED,        Lang: ANSI-C

*********************************************************************************************
STARTUP SECTION
---------------------------------------------------------------------------------------------
Entry point: 0x59F2 (_Startup)
_startupData is allocated at 0x2080 and uses 12 Bytes
extern struct _tagStartup {
  unsigned flags          0
  _PFunc   main           0x756C    (main)
  long     stackOffset    0x2FF
  unsigned nofZeroOut     2
  _Range   pZeroOut       0x80     1
                          0x300     2549
  _Copy    *toCopyDownBeg 0x7F46
} _startupData;

*********************************************************************************************
SECTION-ALLOCATION SECTION
Section Name                    Size  Type     From       To       Segment
---------------------------------------------------------------------------------------------
MY_ZEROPAGE                        1   R/W       0x80       0x80   ZERO_PAGE_RAM
.data                            104   R/W      0x300      0x367   APP_RAM
NON_BANKED                      5027     R     0x4000     0x53A2   APP_CODE_1
.copy                            110     R     0x7F46     0x7FB3   APP_CODE_1
.rodata                          293     R     0x53A3     0x54C7   APP_CODE_1
.rodata1                        1136     R     0x54C8     0x5937   APP_CODE_1
.text                           9502     R     0x5A28     0x7F45   APP_CODE_1
.startData                        36     R     0x2080     0x20A3   APP_STARTUP_STRUC_FLASH
FREESCALE_PROD_DATA               78     R     0xFF50     0xFF9D   FREESCALE_PROD_FLASH
NV_REGISTERS_SECTION              16     R     0xFFB0     0xFFBF   RES_NV_REGISTERS_FLASH
.stack                           512   R/W      0x100      0x2FF   APP_STACK_RAM
IRQ_VECTOR_SECTION                62     R     0xFFC0     0xFFFD   RES_IRQ_VECTORS_TABLE_FLASH
PAGED_ROM                        103     R     0xA016     0xA07C   PPAGE_0
.bss                             601   R/W      0x368      0x5C0   APP_RAM
.init                            238     R     0x593A     0x5A27   APP_CODE_1
.common                         1842   R/W      0x5C1      0xCF2   APP_RAM
_STARTUP                           2   R/W      0xCF3      0xCF4   APP_RAM
RESET_VECTOR_SECTION               2     R     0x5938     0x5939   APP_CODE_1
APP_CODE_2_0                   16158     R     0xC000     0xFF1D   APP_CODE_2
PPAGE_0_1                       8214     R     0x8000     0xA015   PPAGE_0
PPAGE_2_2                       9412     R    0x28000    0x2A4C3   PPAGE_2
PPAGE_2_3                        232     R    0x2A4C4    0x2A5AB   PPAGE_2
RES_RESET_VECTOR_FLASH_vect          2     R     0xFFFE     0xFFFF   RES_RESET_VECTOR_FLASH

Summary of section sizes per section type:
READ_ONLY (R):        C5BD (dec:    50621)
READ_WRITE (R/W):      BF6 (dec:     3062)

*********************************************************************************************
VECTOR-ALLOCATION SECTION
    Address     InitValue   InitFunction
---------------------------------------------------------------------------------------------
     0xFFFE        0x59F2   _Startup

*********************************************************************************************
OBJECT-ALLOCATION SECTION
     Name               Module                 Addr   hSize   dSize     Ref    Section   RLIB
---------------------------------------------------------------------------------------------
MODULE:                 -- ZtcMain_c.obj --
- PROCEDURES:
     ZTC_TaskEventMonitor                      5A28       1       1       6   .text       
- VARIABLES:
MODULE:                 -- TS_kernel_c.obj --
- PROCEDURES:
     TS_CreateTask                             5A29      B6     182      13   .text       
     TS_Init                                   5ADF      32      50       2   .text       
     TS_SendEvent                              5B11      28      40      84   .text       
     TS_Scheduler                              5B39      7B     123       2   .text       
- VARIABLES:
     maTsTaskTable                              5C1      2A      42      19   .common     
     maTsTaskIDsByPriority                      5EB       7       7       8   .common     
     gIdleTaskID                                5F2       1       1       1   .common     
MODULE:                 -- Uart_c.obj --
- PROCEDURES:
     Uart_ClearErrors                          5BB4       A      10       2   .text       
     Uart1_GetByteFromRxBuffer                 5BBE      56      86       4   .text       
     Uart1_IsTxActive                          5C14      10      16       6   .text       
     Uart_ModuleInit                           5C24      1C      28       2   .text       
     Uart1_SetRxCallBack                       5C40      29      41       2   .text       
     Uart1_SetBaud                             5C69     6A4    1700     831   .text       
     Uart1_Transmit                            630D      76     118       4   .text       
     Uart_Task                                 6383      5F      95       2   .text       
     Uart_TaskInit                             63E2      15      21       2   .text       
     Uart1_ErrorIsr                            4000       C      12       1   NON_BANKED  
     Uart1_RxIsr                               400C      56      86       1   NON_BANKED  
     Uart1_TxIsr                               4062      C9     201       2   NON_BANKED  
- VARIABLES:
     uart1_ungetFlag                            368       1       1       2   .bss        
     Uart1_TxCompleteFlag                       369       1       1       2   .bss        
     maSci1TxCallbackLeadingIndex               36A       1       1       5   .bss        
     maSci1TxCallbackTrailingIndex              36B       1       1       5   .bss        
     uart1_ungetByte                            36C       1       1       1   .bss        
     maSci1TxBufRefTable                        36D       F      15      10   .bss        
     maSci1TxBufLenTable                        37C       3       3       6   .bss        
     mSci1TxCurIndex                            37F       1       1       4   .bss        
     mSci1TxBufRefLeadingIndex                  380       1       1       4   .bss        
     mSci1TxBufRefTrailingIndex                 381       1       1       8   .bss        
     maSci1TxCallbackTable                      382       F      15       8   .bss        
     maSci1RxBuf                                391      20      32       2   .bss        
     mSci1RxBufLeadingIndex                     3B1       1       1       5   .bss        
     mSci1RxBufTrailingIndex                    3B2       1       1       8   .bss        
     pfSci1RxCallBack                           3B3       3       3       5   .bss        
     gUartTaskId                                5F3       1       1       3   .common     
     mSci1RxBufferByteCount                     5F4       1       1       5   .common     
MODULE:                 -- Timer_c.obj --
- PROCEDURES:
     TMR_Init                                  63F7      18      24       2   .text       
     TMR_AllocateTimer                         640F      1E      30       8   .text       
     TMR_IsTimerActive                         642D       C      12       4   .text       
     TMR_StartTimer                            6439      B3     179       6   .text       
     TMR_StartIntervalTimer                    64EC      21      33       6   .text       
     TMR_StopTimer                             650D      48      72      18   .text       
     TMR_Task                                  6555     1B5     437       7   .text       
     TMR_EnableTimer                           670A      3D      61       4   .text       
     TMR_GetTimerStatus                        6747       8       8      10   .text       
     TMR_SetTimerStatus                        674F       F      15       8   .text       
     TMR_GetTimerType                          675E       8       8       6   .text       
     TMR_SetTimerType                          6766       F      15       2   .text       
     TMR_InterruptHandler                      412B      14      20       1   NON_BANKED  
- VARIABLES:
     numberOfActiveTimers                       3B6       1       1       4   .bss        
     numberOfLowPowerActiveTimers               3B7       1       1       4   .bss        
     previousTimeInTicks                        3B8       2       2       3   .bss        
     timerHardwareIsRunning                     3BA       1       1       2   .bss        
     maTmrTimerTable                            3BB      EE     238       4   .bss        
     maTmrTimerStatusTable                      4A9      22      34       7   .bss        
     mTmrRead16bitReg                           4CB       2       2       6   .bss        
     gTimerTaskID                               4CD       1       1       5   .bss        
MODULE:                 -- SPI_c.obj --
- PROCEDURES:
     SPI1_Init                                 6775       2       2       2   .text       
- VARIABLES:
MODULE:                 -- RSTHal_c.obj --
- PROCEDURES:
     RST_GetResetStatus                        6777       7       7       2   .text       
- VARIABLES:
     gRSTResetStatus                            5F5       1       1       1   .common     
MODULE:                 -- Led_c.obj --
- PROCEDURES:
     LED_Init                                  677E       C      12       2   .text       
     LED_TurnOffLed                            678A      19      25       4   .text       
     LED_TurnOffAllLeds                        67A3       7       7       2   .text       
     LED_StartFlash                            67AA      1F      31       8   .text       
     LED_StopFlash                             67C9      16      22       8   .text       
     LED_FlashTimeout                          67DF      4E      78       2   .text       
- VARIABLES:
     mLEDTimerID                                300       1       1       3   .data       
     mLedFlashingLEDs                           4CE       1       1       9   .bss        
     mfLedInSerialMode                          5F6       1       1       1   .common     
MODULE:                 -- PWRLib_c.obj --
- PROCEDURES:
     PWRLib_Init                               682D      2B      43       2   .text       
- VARIABLES:
     PWRLib_ICGMode                             4CF       1       1       1   .bss        
     PWRLib_MCU_WakeupReason                     80       1       1       5   MY_ZEROPAGE 
     PWRLib_StackPS                             5F7       1       1       1   .common     
MODULE:                 -- PWR_MC1323x_c.obj --
- PROCEDURES:
     PWR_DisallowDeviceToSleep                 6858       E      14       2   .text       
- VARIABLES:
     mLPMFlag                                   4D0       1       1       1   .bss        
MODULE:                 -- Keyboard_c.obj --
- PROCEDURES:
     KBD_Init                                  6866      23      35       2   .text       
     KBD_KeySwitchPortGet                      6889       5       5       2   .text       
     KBD_PortGet                               688E      14      20       2   .text       
     KBD_KeyCheck                              68A2      2A      42       2   .text       
     KBD_MatrixSetRows                         68CC      1A      26      16   .text       
     KBD_MatrixActivateRow                     68E6      3C      60       8   .text       
     KBD_MatrixDeactivateRow                   6922      1B      27       2   .text       
     KBD_KeyMatrixGet                          693D      90     144       2   .text       
     KBD_KeyScan                               69CD      81     129       2   .text       
     KBD_FinishScan                            6A4E       F      15       2   .text       
     Switch_Press_ISR                          413F      27      39       1   NON_BANKED  
- VARIABLES:
     mKeyRowPorts                               301       A      10       6   .data       
     mKeyScanTimerID                            30B       1       1       2   .data       
     mKeyState                                  4D1       1       1       4   .bss        
     mLongKeyCount                              4D2       1       1       3   .bss        
     mSwitch_SCAN                               4D3       2       2       3   .bss        
     mpfKeyFunction                             4D5       3       3       4   .bss        
     pressedKey                                 5F8       1       1       4   .common     
MODULE:                 -- IIC_c.obj --
- PROCEDURES:
     IIC_ModuleInit                            6A5D      28      40       2   .text       
     IIC_Bus_Reset                             6A85     108     264       2   .text       
     IIC_Isr                                   4166     157     343       3   NON_BANKED  
- VARIABLES:
     maIIcRxBuf                                 4D8      20      32       1   .bss        
     mIIcRxBufLeadingIndex                      4F8       1       1       5   .bss        
     mIIcRxBufTrailingIndex                     4F9       1       1       4   .bss        
     pfIIcSlaveRxCallBack                       4FA       3       3       3   .bss        
     pfIIcMasterRxCallBack                      4FD       3       3       3   .bss        
     pfIIcMasterTxCallBack                      500       3       3       5   .bss        
     mIICMasterOp                               503       4       4      13   .bss        
     gIIcTaskId                                 5F9       1       1       5   .common     
     mIIcRxBufferByteCount                      5FA       1       1       3   .common     
MODULE:                 -- FunctionLib_c.obj --
- PROCEDURES:
     FLib_MemCpy                               6B8D      1D      29     130   .text       
     FLib_MemCpyDir                            6BAA      1E      30       2   .text       
     FLib_MemInPlaceCpy                        6BC8      49      73      12   .text       
     FLib_MemCpyReverseOrder                   6C11      2B      43      16   .text       
     FLib_MemCmp                               6C3C      2D      45      28   .text       
     FLib_Cmp2Bytes                            6C69      1C      28       4   .text       
     FLib_MemSet                               6C85      18      24      26   .text       
     FLib_AddrModeToLength                     6C9D       C      12      28   .text       
     FLib_AddOffsetToPointer                   6CA9       8       8      26   .text       
     FLib_ArrayInit                            6CB1       7       7       6   .text       
     FLib_ArrayLength                          6CB8       B      11       4   .text       
     FLib_ArraySetOffset                       6CC3       F      15       4   .text       
     FLib_ArrayAddArray                        6CD2      1D      29      20   .text       
     FLib_ArrayAddByte                         6CEF       A      10      10   .text       
- VARIABLES:
     pmaFlibArrayBase                           507       2       2       4   .bss        
     pmaFlibArray                               509       2       2       7   .bss        
MODULE:                 -- NV_Data_c.obj --
- PROCEDURES:
- VARIABLES:
     gFreescaleVersionStrings                  FF50      22      34       1   FREESCALE_PROD_DATA
     gHardwareParameters                       FF72      2C      44      10   FREESCALE_PROD_DATA
MODULE:                 -- PlatformInit_c.obj --
- PROCEDURES:
     PlatformPortInit                          6CF9      2A      42       2   .text       
     Platform_Init                             6D23      1C      28       2   .text       
     Init_802_15_4                             6D3F      30      48       2   .text       
- VARIABLES:
MODULE:                 -- crt0_c.obj --
- PROCEDURES:
     loadByte                                  593A       E      14       5   .init       
     Init                                      5948      40      64       1   .init       
     Copy_Down                                 5988      3F      63       1   .init       
     Finish                                    59C7      2B      43       1   .init       
     _Startup                                  59F2      36      54       1   .init       
- VARIABLES:
     _startupData                              2080       C      12       6   .startData  
     pStack                                     CF3       2       2       2   _STARTUP    
     none_volatile_struct                      FFB0      10      16       1   NV_REGISTERS_SECTION
- LABELS:
     __SEG_START_SSTACK                         100       0       0       1               
     __SEG_END_SSTACK                           300       0       0       2               
MODULE:                 -- dummyisr_c.obj --
- PROCEDURES:
     Default_Dummy_ISR                         42BD       4       4      20   NON_BANKED  
- VARIABLES:
MODULE:                 -- icg_c.obj --
- PROCEDURES:
     PowerManager_WaitForPowerUp               6D6F      16      22       2   .text       
- VARIABLES:
MODULE:                 -- isrvectors_c.obj --
- PROCEDURES:
- VARIABLES:
     Reset_vector                              5938       2       2       1   RESET_VECTOR_SECTION
     ISR_vectors                               FFC0      3E      62       1   IRQ_VECTOR_SECTION
MODULE:                 -- CMT_c.obj --
- PROCEDURES:
     CMT_Initialize                            6D85      4E      78       2   .text       
     CMT_TxBits                                6DD3      75     117       2   .text       
     CMT_IsTxActive                            6E48       4       4       4   .text       
     CMT_Task                                  6E4C      19      25       2   .text       
     CMT_InterruptHandler                      42C1      5E      94       1   NON_BANKED  
- VARIABLES:
     mCmt_TxActiveFlag                          50B       1       1       5   .bss        
     gCmtTaskId                                 50C       1       1       2   .bss        
     mCmt_BitsLeft                              50D       1       1       3   .bss        
     mCmt_DataByte                              50E       1       1       6   .bss        
     mCmt_CurrentBit                            50F       1       1       2   .bss        
     mCmt_Log0MarkWidth                         510       2       2       3   .bss        
     mCmt_Log0SpaceWidth                        512       2       2       3   .bss        
     mCmt_Log1MarkWidth                         514       2       2       3   .bss        
     mCmt_Log1SpaceWidth                        516       2       2       3   .bss        
     mCmt_TimeOperMode                          518       1       1       2   .bss        
     mCmt_LsbFirst                              519       1       1       3   .bss        
     pfCmtTxCallBack                            51A       3       3       5   .bss        
MODULE:                 -- PhyISR_c.obj --
- PROCEDURES:
     DummyIsr                                  431F       1       1       2   NON_BANKED  
     PhyPassRxParams                           4320       4       4       5   NON_BANKED  
     PhyISR_SeqCleanup                         4324       F      15       9   NON_BANKED  
     PhyISR_TimeoutCleanup                     4333      13      19       2   NON_BANKED  
     Phy_LqiConvert                            4346      25      37       2   NON_BANKED  
     Phy_GetEnergyLevel                        436B      16      22       1   NON_BANKED  
     PhyHandlerTx_ISR                          4381      BA     186       3   NON_BANKED  
     PhyHandlerRx_ISR                          443B      B6     182       3   NON_BANKED  
     PhyHandlerTmr_ISR                         44F1      4A      74       1   NON_BANKED  
     PhyHandlerRxWtrmrk_ISR                    453B       9       9       1   NON_BANKED  
- VARIABLES:
     pTimer1Isr                                 30C       3       3       4   .data       
     pfPhyRxTxEndCallback                       51D       3       3       9   .bss        
     mpRxParams                                 520       2       2       5   .bss        
     mPhyLastRxLQI                              5FB       1       1       1   .common     
MODULE:                 -- PhyPacketProcessor_c.obj --
- PROCEDURES:
     PhyInit                                   4544      A8     168       2   NON_BANKED  
     PhyPpSetPromiscuous                       45EC      16      22       2   NON_BANKED  
     PhyAbort                                  4602      4C      76       5   NON_BANKED  
     PhyPpSetPanId                             464E       7       7       8   NON_BANKED  
     PhyPpSetShortAddr                         4655       7       7       6   NON_BANKED  
     PhyPpSetLongAddr                          465C      28      40       1   NON_BANKED  
     PhyPpSetMacRole                           4684       8       8       3   NON_BANKED  
     PhyPpSetCcaThreshold                      468C       4       4       2   NON_BANKED  
     PhyPpIsTxAckDataPending                   4690       8       8       1   NON_BANKED  
     PhyPpIsRxAckDataPending                   4698       8       8       2   NON_BANKED  
     PhyPpIsPollIndication                     46A0       8       8       1   NON_BANKED  
     PhyPp_AddToIndirect                       46A8      7A     122       1   NON_BANKED  
     PhyPp_RemoveFromIndirect                  4722       8       8       2   NON_BANKED  
     PhyGetRandomNo                            472A      9C     156       2   NON_BANKED  
- VARIABLES:
     i                                          5FC       1       1       3   .common     
MODULE:                 -- PhyPlmeData_c.obj --
- PROCEDURES:
     PhyPdDataRequest                          47C6      7E     126       2   NON_BANKED  
     PhyPlmeRxRequest                          4844      37      55       1   NON_BANKED  
     PhyPlmeCcaEdRequest                       487B      39      57       2   NON_BANKED  
     PhyPlmeSetCurrentChannelRequest           48B4      47      71       2   NON_BANKED  
     PhyPlmeSetPwrLevelRequest                 48FB      35      53       1   NON_BANKED  
- VARIABLES:
     gPhyCurrentChannel                         30F       1       1       1   .data       
     pwrOutIAR10                                310       F      15       1   .data       
     pwrOutIAR11                                31F       F      15       1   .data       
     pwrOutIAR20                                32E       F      15       1   .data       
     pwrOutCtrl                                 33D       F      15       1   .data       
     pfPhyRxTxStartCallback                     522       3       3       8   .bss        
MODULE:                 -- PhyTime_c.obj --
- PROCEDURES:
     PhyTimeSetEventTrigger                    4930       B      11       4   NON_BANKED  
     PhyTimeSetEventTimeout                    493B      15      21       7   NON_BANKED  
     PhyTimeDisableEventTimeout                4950       8       8       6   NON_BANKED  
     PhyTimeReadClock                          4958       E      14      15   NON_BANKED  
- VARIABLES:
MODULE:                 -- UartUtil_c.obj --
- PROCEDURES:
     UartUtil_TxCallback                       6E65       5       5       4   .text       
     UartUtil_TxCallbackPaged                  A016       1       1       2   PAGED_ROM   
     UartUtil_Print                            A017      56      86      22   PAGED_ROM   
     HexToAscii                                A06D      10      16       4   PAGED_ROM   
     UartUtil_PrintHex                        2A4C4      E8     232      20   PPAGE_2_3   
- VARIABLES:
MODULE:                 -- MApp_c.obj --
- PROCEDURES:
     MApp_init                                 6E6A      73     115       2   .text       
     AppTask                                   6EDD     1B3     435      25   .text       
     UartRxCallBack                            7090      1B      27       2   .text       
     App_StartScan                             70AB      5C      92      10   .text       
     App_HandleScanEdConfirm                   7107      B7     183      12   .text       
     App_StartCoordinator                      71BE      B6     182      11   .text       
     App_SendAssociateResponse                 7274      B4     180      11   .text       
     App_HandleMlmeInput                       7328      44      68       2   .text       
     App_HandleMcpsInput                       736C      92     146      20   .text       
     App_WaitMsg                               73FE      10      16       6   .text       
     App_TransmitUartData                      740E      E7     231       6   .text       
     App_HandleGenericKey                      74F5      30      48       2   .text       
     App_HandleKeys                            7525       5       5       2   .text       
     MLME_NWK_SapHandler                       752A      1E      30       8   .text       
     MCPS_NWK_SapHandler                       7548      1E      30      12   .text       
     ASP_APP_SapHandler                        7566       6       6       2   .text       
- VARIABLES:
     maShortAddress                            53A3       2       2       4   .rodata     
     maPanId                                   53A5       2       2       3   .rodata     
     STRING...Press.any.switch.o.2             54C8      40      64       1   .rodata1    
     STRING.Received.an.MLME.Bea.3             5508      2C      44       1   .rodata1    
     STRING..MyWirelessApp.Demo..4             5534      51      81       1   .rodata1    
     STRING.Initiating.the.Energ.5             5585      27      39       1   .rodata1    
     STRING...Starting.as.PAN.co.6             55AC      2C      44       1   .rodata1    
     STRING....7                               55D8       3       3       1   .rodata1    
     STRING.Started.the.coordina.8             55DB      27      39       1   .rodata1    
     STRING...and.short.address..9             5602      17      23       1   .rodata1    
     STRING......Ready.to.send.a.10            5619      37      55       1   .rodata1    
     STRING.Sending.the.MLME.Sca.11            5650      34      52       1   .rodata1    
     STRING.Done...12                          5684       7       7       1   .rodata1    
     STRING.Invalid.parameter....13            568B      15      21       1   .rodata1    
     STRING.Message.allocation.f.14            56A0      1D      29       1   .rodata1    
     STRING.Received.the.MLME.Sc.15            56BD      36      54       1   .rodata1    
     STRING.ED.scan.returned.the.16            56F3      2D      45       1   .rodata1    
     STRING.......17                           5720       6       6       1   .rodata1    
     STRING.Based.on.the.ED.scan.18            5726      2C      44       1   .rodata1    
     STRING..was.selected...19                 5752      10      16       1   .rodata1    
     STRING.Sending.the.MLME.Sta.20            5762      35      53       1   .rodata1    
     STRING.Done...21                          5797       7       7       1   .rodata1    
     STRING.Invalid.parameter....22            579E      15      21       1   .rodata1    
     STRING.Message.allocation.f.23            57B3      1D      29       1   .rodata1    
     STRING.Sending.the.MLME.Ass.25            57D0      3A      58       1   .rodata1    
     STRING.Done...26                          580A       7       7       1   .rodata1    
     STRING.Invalid.parameter....27            5811      15      21       1   .rodata1    
     STRING.Message.allocation.f.28            5826      1D      29       1   .rodata1    
     STRING.Received.an.MLME.Ass.45            5843      35      53       1   .rodata1    
     STRING.Received.an.MLME.Com.46            5878      41      65       1   .rodata1    
     STRING.Source.NW.Addr....47               58B9      12      18       1   .rodata1    
     STRING....48                              58CB       3       3       1   .rodata1    
     STRING.Data.MMA8652.2g..Int.49            58CE      2D      45       1   .rodata1    
     STRING...1024..g...Y.axis...50            58FB      18      24       1   .rodata1    
     STRING...1024..g...Z.axis...51            5913      18      24       1   .rodata1    
     STRING...1024..g....52                    592B       D      13       1   .rodata1    
     keysReceived.86                            525       1       1       6   .bss        
     mLogicalChannel                            526       1       1       5   .bss        
     maDeviceShortAddress                       527       2       2       1   .bss        
     maDeviceLongAddress                        529       8       8       1   .bss        
     mpPacket                                   531       2       2      10   .bss        
     mMsduHandle                                533       1       1       2   .bss        
     mcPendingPackets                           534       1       1       5   .bss        
     mMlmeNwkInputQueue                         535       4       4       4   .bss        
     mMcpsNwkInputQueue                         539       4       4       4   .bss        
     nwk_addr.44                                53D       1       1       2   .bss        
     keysBuffer.85                              53E      20      32       3   .bss        
     gState                                     5FD       1       1       7   .common     
MODULE:                 -- MApp_init_c.obj --
- PROCEDURES:
     main                                      756C      46      70       2   .text       
     IdleTask                                  75B2       1       1       2   .text       
     Init_MacExtendedAddress                   75B3      3A      58       2   .text       
     BeeAppAssert                              75ED       8       8       2   .text       
- VARIABLES:
     gAppTaskID_c                               5FE       1       1      11   .common     
MODULE:                 -- MacInit_c.obj --
- PROCEDURES:
     MacInit                                   75F5       5       5       2   .text       
     TS_PlaceHolderTaskInit                    75FA       1       1       2   .text       
     MacTaskInit                               75FB      6B     107       2   .text       
- VARIABLES:
     MacTaskTable                              53A7       9       9       6   .rodata     
     gMacTaskID_c                               5FF       1       1      24   .common     
MODULE:                 -- GlobalVars_c.obj --
- PROCEDURES:
     MM_InitMsgTracking                        7666       1       1       2   .text       
     MM_AddMsgToTrackingArray                  7667       1       1       2   .text       
     MM_UpdateMsgTracking                      7668       2       2       6   .text       
- VARIABLES:
     poolInfo                                  53B0       9       9       1   .rodata     
     gNumAclEntryDescriptors                   53B9       1       1       3   .rodata     
     pLastPool                                  34C       2       2       4   .data       
     pSecondLastPool                            34E       2       2       5   .data       
     maMacHeap                                  600     3A2     930       1   .common     
     maMmPools                                  9A2      12      18       4   .common     
     gPIBaclEntryDescriptorSet                  9B4      A0     160       1   .common     
MODULE:                 -- rtshc08.o (ansibim.lib) --
- PROCEDURES:
     _PUSH_ARGS_L                              4966      20      32       2   NON_BANKED  
     _ENTER_UNARY_L                            4986      29      41       3   NON_BANKED  
     _ENTER_BINARY_L                           49AF      16      22       3   NON_BANKED  
     _ENTER_BINARY_L_RC                        49C5      19      25       5   NON_BANKED  
     _IDIVMOD                                  49DE      69     105       1   NON_BANKED  
     _SPLITSIGN                                4A47      1C      28       1   NON_BANKED  
     _LADD_k_is_k_plus_j                       4A63      1F      31       2   NON_BANKED  
     _k_is_k_plus_j_l                          4A82      1E      30       2   NON_BANKED  
     _k_is_k_plus_j_i                          4AA0      12      18       3   NON_BANKED  
     _LSUB_k_is_k_minus_j                      4AB2      1F      31       1   NON_BANKED  
     _LAND_k_is_k_and_j                        4AD1      1F      31       1   NON_BANKED  
     _LMUL_k_is_k_mul_j                        4AF0      81     129       1   NON_BANKED  
     _LDIVMOD                                  4B71      A4     164       1   NON_BANKED  
     _LDIVU_k_is_k_div_j                       4C15      17      23       1   NON_BANKED  
     _LCMP_k_rel_j                             4C2C      1F      31       2   NON_BANKED  
     _CMP24_k_rel_j                            4C4B      1E      30       2   NON_BANKED  
     _IMUL_STAR08                              4C69      27      39       1   NON_BANKED  
     _IMODS_STAR08                             4C90      25      37       1   NON_BANKED  
     _ILSR                                     4CB5       C      12       1   NON_BANKED  
     _ILSL                                     4CC1       C      12       1   NON_BANKED  
     _LINC                                     4CCD      16      22       1   NON_BANKED  
     _LADD                                     4CE3       6       6       2   NON_BANKED  
     _LADD_RC                                  4CE9       6       6      12   NON_BANKED  
     _LSUB                                     4CEF       6       6       1   NON_BANKED  
     _LAND_RC                                  4CF5       6       6       1   NON_BANKED  
     _LMUL_RC                                  4CFB       6       6       2   NON_BANKED  
     _LDIVU_RC                                 4D01       6       6       3   NON_BANKED  
     _LLSR                                     4D07      16      22       1   NON_BANKED  
     _LLSL                                     4D1D      16      22      20   NON_BANKED  
     _LCMP                                     4D33       6       6      14   NON_BANKED  
     _LCMP_RC                                  4D39       6       6       4   NON_BANKED  
     _PUSH_ARGS_24                             4D3F      18      24       2   NON_BANKED  
     _ENTER_BINARY_24_RC                       4D57      18      24       1   NON_BANKED  
     _ENTER_BINARY_24                          4D6F      15      21       1   NON_BANKED  
     _CMP24                                    4D84       5       5       1   NON_BANKED  
     _CMP24_RC                                 4D89       5       5      38   NON_BANKED  
     _COPY_L                                   4D8E      39      57       1   NON_BANKED  
     _POP32                                    4DC7      1A      26      14   NON_BANKED  
     _SEXT16_32                                4DE1       D      13       5   NON_BANKED  
     _CALL_STAR08_FAR                          4DEE      2A      42      40   NON_BANKED  
     _Jump_Table_Header_Addr                   4E18      2F      47       1   NON_BANKED  
     _PUSH_CC                                  4E47       F      15      58   NON_BANKED  
     _POP_CC                                   4E56       F      15      58   NON_BANKED  
- VARIABLES:
MODULE:                 -- PhyMacMsg_c.obj (802.15.4_MAC_FFD_S08MC1323x.Lib) --
- PROCEDURES:
     MM_Init                                   766A      8E     142       2   .text       
     List_ClearAnchor                          76F8       4       4      24   .text       
     List_AddTail                              76FC      45      69      22   .text       
     List_AddHead                              7741      3F      63      10   .text       
     List_RemoveHead                           7780      2B      43      24   .text       
     List_Remove                               77AB      53      83       6   .text       
     List_GetFirst                             77FE      1B      27      12   .text       
     List_GetNext                              7819      20      32      10   .text       
     MM_AddToPool                              7839      20      32       2   .text       
     MM_AllocPool                              7859      4A      74       2   .text       
     MM_Alloc                                  78A3       8       8      44   .text       
     MM_Free                                   78AB      5B      91      96   .text       
     MM_AllocFast                              7906      58      88       8   .text       
     MM_SetPrivatePool                         795E      13      19       8   .text       
- VARIABLES:
     gFreeMessagesCount                         A54       1       1       7   .common     
MODULE:                 -- SmApi_c.obj (802.15.4_MAC_FFD_S08MC1323x.Lib) --
- PROCEDURES:
     SmApi_UndefState                          7971       1       1       6   .text       
- VARIABLES:
MODULE:                 -- SecurityLib_c.obj (802.15.4_MAC_FFD_S08MC1323x.Lib) --
- PROCEDURES:
     CCM_XorN                                  7972      1E      30       6   .text       
     CCM_CreateAB0                             7990      24      36       6   .text       
     CCM_GetBlockLength                        79B4       7       7       4   .text       
     SecLib_CcmStar                            79BB     273     627      11   .text       
- VARIABLES:
MODULE:                 -- SecurityApply_c.obj (802.15.4_MAC_FFD_S08MC1323x.Lib) --
- PROCEDURES:
     Sec_ApplyRxSecurity                       7C2E     318     792      12   .text       
     Sec_ApplyTxSecurity                       C000     232     562       6   APP_CODE_2_0
     Sec_TraverseBeacon                        C232      29      41       4   APP_CODE_2_0
     Sec_SecLevelToIntLength                   C25B      11      17       4   APP_CODE_2_0
- VARIABLES:
MODULE:                 -- SecurityControl_c.obj (802.15.4_MAC_FFD_S08MC1323x.Lib) --
- PROCEDURES:
     Sec_SecuredModeRx                         C26C      A6     166       2   APP_CODE_2_0
     Sec_SecuredModeTx                         C312      5C      92       2   APP_CODE_2_0
     Sec_DetermineRxSecurityEntry              C36E      94     148       4   APP_CODE_2_0
     Sec_DetermineTxSecurityEntry              C402      46      70       2   APP_CODE_2_0
     Sec_FindAddress                           C448      AE     174      13   APP_CODE_2_0
- VARIABLES:
     srcAddrIndexTable.1                       53BA       4       4       1   .rodata     
MODULE:                 -- PacketManager_c.obj (802.15.4_MAC_FFD_S08MC1323x.Lib) --
- PROCEDURES:
     MacTimerHandler                           C4F6       B      11       4   APP_CODE_2_0
     PacMan_CheckExpiredPackets                C501      76     118       2   APP_CODE_2_0
     PacMac_Init                               C577      1F      31       2   APP_CODE_2_0
     PacMan_SetDirectRouteFlag                 C596      86     134       2   APP_CODE_2_0
     PacMan_AddToDirectQueue                   C61C      22      34       2   APP_CODE_2_0
     PacMan_AddToDirectQueueHead               C63E      34      52      18   APP_CODE_2_0
     PacMan_GetFromDirectQueue                 C672      1D      29       6   APP_CODE_2_0
     PacMan_IsDirectDataPending                C68F       B      11       2   APP_CODE_2_0
     PacMan_GetFromIndirectQueue               C69A      CA     202       4   APP_CODE_2_0
     PacMan_AddToIndirectQueue                 C764      F7     247       2   APP_CODE_2_0
     PacMan_AddToIndirectQueueHead             C85B      90     144       4   APP_CODE_2_0
     PacMan_PurgeAfterSeqAction                C8EB      45      69       6   APP_CODE_2_0
     PacMan_Purge                              C930      38      56       2   APP_CODE_2_0
     AddTransactionExpireTimeToPacket          C968      CC     204       2   APP_CODE_2_0
     PacMan_PurgeFromQueue                     CA34     17A     378      12   APP_CODE_2_0
     PacMan_CheckForExpired                    CBAE      94     148       4   APP_CODE_2_0
     PacMan_ExpirePacket                       CC42      43      67       4   APP_CODE_2_0
     PacManToPp_AddToIndirect                  CC85      63      99       4   APP_CODE_2_0
     PacManToPp_RemoveFromIndirect             CCE8      3E      62       6   APP_CODE_2_0
     PacManToPp_ClearHwIndirect                CD26      18      24       2   APP_CODE_2_0
- VARIABLES:
     mPacManDirectPackets_D2C                   A55       4       4       6   .common     
     mPacManDirectPackets_C2D                   A59       4       4       5   .common     
     mPacManIndirectPackets                     A5D       4       4      14   .common     
     mPacManGuardPacket                         A61       1       1       9   .common     
     gpPacketToPurge                            A62       2       2       4   .common     
     mPpIndirectQueueAddr                       A64      18      24       9   .common     
MODULE:                 -- PacketLib_c.obj (802.15.4_MAC_FFD_S08MC1323x.Lib) --
- PROCEDURES:
     PacLib_IsCoordRealignOnOrphan             CD3E      1C      28       2   APP_CODE_2_0
     PacLib_IsGtsRequest                       CD5A      1E      30       2   APP_CODE_2_0
     PacLib_CreateZeroLengthDataPacket         CD78      EC     236       3   APP_CODE_2_0
     PacLib_CreatePollPacket                   CE64      D1     209       9   APP_CODE_2_0
     PacLib_CreateBeaconPacket                 CF35     152     338       5   APP_CODE_2_0
- VARIABLES:
     gPacLibUseSecurity                         55E       1       1       2   .bss        
MODULE:                 -- MacPib_c.obj (802.15.4_MAC_FFD_S08MC1323x.Lib) --
- PROCEDURES:
     MPIB_Init                                 D087      AE     174       3   APP_CODE_2_0
     MPIB_GetPointer                           D135      93     147       6   APP_CODE_2_0
     FLib_ArrayAddPibAttribute                 D1C8       F      15      16   APP_CODE_2_0
     MPIB_SecAclEntry                          D1D7       F      15      12   APP_CODE_2_0
     MPIB_SecMaterial                          D1E6       7       7       4   APP_CODE_2_0
- VARIABLES:
     gMacPibOffsetTable                        53BE      17      23       2   .rodata     
     gMacPibSecurityOffsetTable                53D5       9       9       2   .rodata     
     gMacPibAclDescriptorOffsetTable           53DE       7       7       2   .rodata     
     gMacVendorPibOffsetTable                  53E5       9       9       2   .rodata     
     gMacPib                                    A7C      82     130     236   .common     
MODULE:                 -- MacConst_c.obj (802.15.4_MAC_FFD_S08MC1323x.Lib) --
- PROCEDURES:
- VARIABLES:
     aMaxFrameRetries                           350       1       1       5   .data       
     aExtendedAddress                           AFE       8       8      16   .common     
MODULE:                 -- ClockManager_c.obj (802.15.4_MAC_FFD_S08MC1323x.Lib) --
- PROCEDURES:
     CM_InitOnStartup                          D1ED      23      35       2   APP_CODE_2_0
     CM_TimingIsVeryCritical                   D210       C      12      10   APP_CODE_2_0
     CM_TimingIsCritical                       D21C       C      12       6   APP_CODE_2_0
     CM_MoveTimeToBackoff24                    D228      3E      62       8   APP_CODE_2_0
     CM_GetRandomBackoff                       D266      34      52       4   APP_CODE_2_0
     CM_ResetClock                             D29A      15      21      16   APP_CODE_2_0
     CM_ResetClockRel                          D2AF      45      69       4   APP_CODE_2_0
     CM_SetNextClockBoundary                   D2F4      10      16      44   APP_CODE_2_0
     CM_SetCurClock                            D304      33      51      18   APP_CODE_2_0
- VARIABLES:
     mCMBackoff                                 351       1       1       3   .data       
     mCM_ClockOffset                            55F       4       4      38   .bss        
     mCM_CurrentClock                           563       4       4      36   .bss        
     mCM_CurrentClockAbs                        567       4       4      15   .bss        
     mCM_TimeNeededInNextCAP                    56B       2       2      19   .bss        
     mCM_WaitTime                               56D       2       2      12   .bss        
     aMinSetupTime_s                            B06       1       1      18   .common     
     aMinSetupTimeCritical_s                    B07       1       1       2   .common     
     aMinSetupTimeVeryCritical_s                B08       1       1       2   .common     
     mCM_DelayUntilNextAction                   B09       1       1       8   .common     
     mCM_NextClockBoundary                      B0A       4       4      51   .common     
     mCM_BleEndTime                             B0E       4       4      13   .common     
     CM_RandomBackoff                           B12       2       2       4   .common     
     mEnableCriticalTiming                      B14       1       1       5   .common     
MODULE:                 -- AsmDriver_c.obj (802.15.4_MAC_FFD_S08MC1323x.Lib) --
- PROCEDURES:
     Asm_Init                                  D337      3C      60       2   APP_CODE_2_0
     Asm_AesEncryptDecrypt                     D373      22      34       8   APP_CODE_2_0
     Asm_Ccm                                   D395     148     328       4   APP_CODE_2_0
- VARIABLES:
MODULE:                 -- MacSeqMC1323X_c.obj (802.15.4_MAC_FFD_S08MC1323x.Lib) --
- PROCEDURES:
     ResetSequencer                            D4DD      2A      42       6   APP_CODE_2_0
     MacSeqInit                                D507       A      10       2   APP_CODE_2_0
     SeqErrorStateLower                        D511       1       1       2   APP_CODE_2_0
     IsCurrentActionAutoRx                     4E65       D      13       3   NON_BANKED  
     IsCurrentActionExtRx                      4E72       D      13       1   NON_BANKED  
     SeqPassCompleteToMem                      4E7F      12      18       8   NON_BANKED  
     SeqIsrCompletedInErrorState               4E91      38      56       2   NON_BANKED  
     SeqGenerateError                          4EC9       D      13       2   NON_BANKED  
     SeqSendActionCompleteToMem                4ED6      64     100       2   NON_BANKED  
     SeqInjectEventToSubComponent              4F3A      52      82       8   NON_BANKED  
     SeqFinishActionReq                        4F8C      50      80       1   NON_BANKED  
     SeqActionReq                              4FDC      1A      26       1   NON_BANKED  
     PhyPdDataConfirm                          4FF6      12      18       2   NON_BANKED  
     PhyPdDataIndication                       5008      12      18       1   NON_BANKED  
     PhyPlmeCcaConfirm                         501A      24      36       3   NON_BANKED  
     PhyPlmeEdConfirm                          503E       A      10       1   NON_BANKED  
     PhyPlmeSyncLossIndication                 5048      1D      29       4   NON_BANKED  
     PhyTimeRxTimeoutIndication                5065      4A      74       6   NON_BANKED  
     PhyTimeStartEventIndication               50AF       5       5       1   NON_BANKED  
- VARIABLES:
     pCurrentSeqAction                          B15       2       2      54   .common     
     mpPendingSeqMemCompletion                  B17       1       1       5   .common     
     mSeqSubComponentStateMachine               B18       4       4      71   .common     
     mBufferedError                             B1C       1       1       3   .common     
     mpSeqRxData                                B1D       2       2      42   .common     
     mMacRxMask                                 B1F       1       1       4   .common     
     gSeqInErrorState                           B20       1       1       1   .common     
     gSeqGotDataIndication                      B21       1       1       5   .common     
     gPendingSeqMemActionFinished               B22       1       1       4   .common     
MODULE:                 -- SeqRxMC1323X_c.obj (802.15.4_MAC_FFD_S08MC1323x.Lib) --
- PROCEDURES:
     SeqWaitRxBuffer                           D512      57      87       4   APP_CODE_2_0
     SeqWaitRxConfirm                          D569     119     281      15   APP_CODE_2_0
     SeqWaitTimeout                            D682      1C      28       4   APP_CODE_2_0
     SeqWaitEdConfirm                          D69E      1B      27       2   APP_CODE_2_0
     ContinueOrCompleteRx                      50B4      25      37       2   NON_BANKED  
     RestartRxOrTimeout                        50D9      22      34       3   NON_BANKED  
     RestartRx                                 50FB      5F      95       2   NON_BANKED  
     GenerateAck                               515A      15      21       1   NON_BANKED  
     SeqMacRxFilter                            516F     11C     284       5   NON_BANKED  
     SeqPanIdConflictDetected                  528B       D      13       1   NON_BANKED  
     SeqRx_PhyPlmeRxRequest                    5298      10      16       6   NON_BANKED  
- VARIABLES:
     frmCtrlTable                              53EE      10      16       1   .rodata     
     repeaterPromMatchOn                        56F       1       1       2   .bss        
     mCurrentClock                              570       4       4       3   .bss        
     dstsrc                                     574       1       1       1   .bss        
     dst                                        575       1       1       1   .bss        
     src                                        576       1       1       1   .bss        
     frameControlLow                            577       1       1       3   .bss        
     mDstLen                                    578       1       1       3   .bss        
     mSrcLen                                    579       1       1       5   .bss        
     mFrameType                                 57A       1       1       2   .bss        
     ackedFrameHead                             B23       3       3       2   .common     
     notifiedTask                               B26       1       1       1   .common     
     notificationEvent                          B27       2       2       1   .common     
     gRxTimeStamp24                             B29       4       4       5   .common     
     gRxTimeStamp                               B2D       2       2       1   .common     
     mPhyRxParams                               B2F       5       5       2   .common     
     seqToPhySavedRxPtr                         B34       2       2       2   .common     
     startAckClock                              B36       4       4       4   .common     
     mAckFrame                                  B3A       4       4       3   .common     
MODULE:                 -- SeqSubMainMC1323X_c.obj (802.15.4_MAC_FFD_S08MC1323x.Lib) --
- PROCEDURES:
     SeqSubCompIdleState                       D6B9     129     297      43   APP_CODE_2_0
- VARIABLES:
     cccaSetPending                             57B       1       1       4   .bss        
     gCurrentPALevel                            B3E       1       1       1   .common     
     gpaPowerLevelLimits                        B3F       2       2       1   .common     
MODULE:                 -- SeqTxMC1323X_c.obj (802.15.4_MAC_FFD_S08MC1323x.Lib) --
- PROCEDURES:
     SeqWaitTxConfirm                          D7E2     1CE     462      20   APP_CODE_2_0
     SetupTxCompleteClock                      52A8      B8     184       2   NON_BANKED  
     SeqTx_PhyPdDataReq                        5360      43      67       3   NON_BANKED  
- VARIABLES:
     seqToPhySavedTxPtr                         B41       2       2       7   .common     
     gLowLatencyTX                              B43       1       1       5   .common     
     completeCCAClock                           B44       4       4       3   .common     
     startCcca                                  B48       4       4       3   .common     
     endCcca                                    B4C       4       4       3   .common     
     difCcca                                    B50       2       2       1   .common     
     mRxOnTxParams                              B52       5       5       2   .common     
MODULE:                 -- MlmeStart_c.obj (802.15.4_MAC_FFD_S08MC1323x.Lib) --
- PROCEDURES:
     MlmeStart_Init                            D9B0      C1     193       4   APP_CODE_2_0
     MlmeStart_Finish                          DA71      1B      27       6   APP_CODE_2_0
     MlmeStartWaitTxResult                     DA8C      48      72       2   APP_CODE_2_0
- VARIABLES:
MODULE:                 -- MlmeScan_c.obj (802.15.4_MAC_FFD_S08MC1323x.Lib) --
- PROCEDURES:
     MlmeScan_InitScan                         DAD4      F4     244       2   APP_CODE_2_0
     MlmeScan_StartScan                        DBC8      7B     123       8   APP_CODE_2_0
     MlmeScan_ProcessBeacon                    DC43     141     321       6   APP_CODE_2_0
     MlmeScan_StoreOrphanResult                DD84      44      68       2   APP_CODE_2_0
     MlmeEdScan                                DDC8      61      97       2   APP_CODE_2_0
     MlmeActivePassiveScan                     DE29      97     151       4   APP_CODE_2_0
     MlmeOrphanScan                            DEC0      7E     126       2   APP_CODE_2_0
- VARIABLES:
     mScanChannels                              57C       3       3       7   .bss        
     mChannelMask                               57F       1       1      10   .bss        
     mCurrentMask                               580       1       1       7   .bss        
     mScanDuration                              581       1       1       4   .bss        
     mScanChannel                               582       1       1       2   .bss        
     mScanType                                  583       1       1       6   .bss        
     mPanIdBackup                               584       2       2       5   .bss        
     mResultListSize                            586       1       1       9   .bss        
     mpScanResults                              587       2       2      14   .bss        
     mResultsForCurrentBlock                    589       1       1       5   .bss        
     mpDescriptorsBlock                         58A       2       2       5   .bss        
     gMlmeScan_CheckBeacon                      B57       1       1       8   .common     
     gMlmeScan_CurrentChannel                   B58       1       1      10   .common     
     gMlmeScan_FastEd                           B59       1       1       4   .common     
MODULE:                 -- MlmePanIdConflict_c.obj (802.15.4_MAC_FFD_S08MC1323x.Lib) --
- PROCEDURES:
     MlmePanIdConflictDetected                 DF3E      26      38       2   APP_CODE_2_0
- VARIABLES:
MODULE:                 -- MlmeInputHandler_c.obj (802.15.4_MAC_FFD_S08MC1323x.Lib) --
- PROCEDURES:
     MlmeIh_Init                               DF64       E      14       2   APP_CODE_2_0
     MlmeIh_ReuseNwkMsgForMem                  DF72       D      13       2   APP_CODE_2_0
     MlmeIh_ReuseMemMsgForNwk                  DF7F       D      13      16   APP_CODE_2_0
     MlmeIh_ParseFrameHeader                   DF8C      A3     163      14   APP_CODE_2_0
     MlmeIh_ParseCommandFrame                  E02F      93     147       2   APP_CODE_2_0
     MlmeIh_ProcessBeaconFrame                 E0C2     1D8     472       6   APP_CODE_2_0
     MlmeIh_ProcessPendingAddressList          E29A      A8     168       2   APP_CODE_2_0
     MlmeIh_BuildPanDescriptor                 E342      E0     224       2   APP_CODE_2_0
     MlmeIh_ProcessPurgeRequest                E422      2F      47       2   APP_CODE_2_0
     MlmeIh_ProcessMemTxCnf                    E451      8D     141       2   APP_CODE_2_0
     MlmeIh_ProcessRemoteDataRequest           E4DE      92     146       2   APP_CODE_2_0
     MlmeIh_ProcessPollConfirm                 E570     14B     331       2   APP_CODE_2_0
     MlmeIh_ProcessBeaconRequest               E6BB      49      73       2   APP_CODE_2_0
     MlmeIh_PreProcessMemMessage               E704      EB     235       5   APP_CODE_2_0
- VARIABLES:
     hdrOffset                                 53FE       4       4       1   .rodata     
     remoteFrameDescOffsets                    5402       9       9       1   .rodata     
     remoteFrameDesc                           540B       D      13       1   .rodata     
     mpMlmeIhPendingNwkMsg                      B5A       2       2      36   .common     
     mpMlmeIhPendingMemMsg                      B5C       2       2      34   .common     
     gMlmeCurrentMacFrameHeader                 B5E      16      22      20   .common     
     gAutoPollAllowed                           B74       1       1       7   .common     
MODULE:                 -- MlmeMain_c.obj (802.15.4_MAC_FFD_S08MC1323x.Lib) --
- PROCEDURES:
     Mlme_Init                                 E7EF      80     128       2   APP_CODE_2_0
     NWK_MLME_SapHandler                       E86F      88     136      10   APP_CODE_2_0
     MEM_MLME_SapHandler                       E8F7      20      32      20   APP_CODE_2_0
     NWK_MCPS_SapHandler                       E917      6F     111       2   APP_CODE_2_0
     Mlme_Main                                 E986     173     371       2   APP_CODE_2_0
     Mlme_FreeSendPendingMsg                   EAF9      39      57      22   APP_CODE_2_0
     Mlme_CreateAndSendCommStatusOnRxPacket       EB32      90     144       2   APP_CODE_2_0
     MlmeSm_ErroneousInput                     EBC2      24      36       6   APP_CODE_2_0
     Mlme_Reset                                EBE6      31      49       2   APP_CODE_2_0
     Mlme_HandleSetGetReq                      EC17      D4     212       4   APP_CODE_2_0
     Mlme_VerifyNwkInput                       ECEB     2F1     753      34   APP_CODE_2_0
     Mlme_CheckPibAttributes                   EFDC     1D0     464      12   APP_CODE_2_0
     MacPhyStartTimer                          F1AC       F      15       2   APP_CODE_2_0
     MacPhyStopTimer                           F1BB       5       5       2   APP_CODE_2_0
     MacRxTxTimerCallBack                      F1C0      49      73       2   APP_CODE_2_0
- VARIABLES:
     mPibAttributesRangeTable                  5418      3F      63       3   .rodata     
     gMacTimerID                                352       1       1       7   .data       
     gSequencerTimerID                          353       1       1       2   .data       
     gMacRxTxPacketTimerID                      354       1       1       5   .data       
     gExpiryTimeNextService                     58C       2       2      14   .bss        
     gExpiryTimeCurCnt                          58E       2       2      15   .bss        
     gRxSecurityUse                             B75       1       1       9   .common     
     gRxSecurityAclEntry                        B76       1       1      13   .common     
     gRxSecurityFailure                         B77       1       1       6   .common     
     gRxTxPacketCnt                             B78       1       1       5   .common     
     gCurrentRxTxPacketCnt                      B79       1       1       2   .common     
     mMemMlmeInputQueue                         B7A       4       4       6   .common     
     mNwkMlmeInputQueue                         B7E       4       4       5   .common     
     mNwkMcpsInputQueue                         B82       4       4       5   .common     
MODULE:                 -- MlmeOutputHandler_c.obj (802.15.4_MAC_FFD_S08MC1323x.Lib) --
- PROCEDURES:
     MlmeOh_Init                               F209       9       9       2   APP_CODE_2_0
     MlmeOh_NwkMsg                             F212      14      20      38   APP_CODE_2_0
     MlmeOh_MemMsg                             F226      14      20      16   APP_CODE_2_0
     MlmeOh_SendNwk                            F23A       F      15       2   APP_CODE_2_0
     MlmeOh_SendMem                            F249       F      15       4   APP_CODE_2_0
     MlmeOh_SendMsgToMem                       F258      74     116      16   APP_CODE_2_0
     MlmeOh_CreateCommandFrameMessage          F2CC      58      88      16   APP_CODE_2_0
     MlmeOh_CreateCommandFrame                 F324     2E0     736      11   APP_CODE_2_0
- VARIABLES:
     mBroadCastAddr                            5457       2       2       9   .rodata     
     maRuleTable                               5459      13      19       1   .rodata     
     mCmdFrameDescs                            546C      58      88       2   .rodata     
     mpMlmeOhPendingNwkMsg                      B86       2       2      51   .common     
     mpMlmeOhPendingMemMsg                      B88       2       2      16   .common     
MODULE:                 -- MlmeSm_c.obj (802.15.4_MAC_FFD_S08MC1323x.Lib) --
- PROCEDURES:
     MlmeSm_Init                               F604      11      17       2   APP_CODE_2_0
     MlmeOrphan_SendNotification               F615      28      40       2   APP_CODE_2_0
     MlmeSm_CreateCommStatusIndication         F63D      49      73       4   APP_CODE_2_0
     MlmeSm_CreateSyncLossIndication           F686      19      25       6   APP_CODE_2_0
     MlmeSm_HandleSyncLoss                     F69F      2A      42       2   APP_CODE_2_0
     MlmeSm_HandleMemTxCnf                     F6C9      F3     243       8   APP_CODE_2_0
     MlmeSmIdle                                F7BC     3A6     934      69   APP_CODE_2_0
     MlmeSm_DisassociateRemovePANref           FB62      1D      29       4   APP_CODE_2_0
- VARIABLES:
     gMlmeSm                                    355       4       4      61   .data       
     startCurrentChannel                        B8A       1       1       2   .common     
MODULE:                 -- MlmeGts_c.obj (802.15.4_MAC_FFD_S08MC1323x.Lib) --
- PROCEDURES:
     MlmeGts_SendRequest                       FB7F      46      70       2   APP_CODE_2_0
     MlmeGts_ProcessPendingRequest             FBC5      6C     108       2   APP_CODE_2_0
     MlmeGts_CompleteHandler                   FC31      26      38       8   APP_CODE_2_0
     MlmeGts_SendConfirm                       FC57      21      33       6   APP_CODE_2_0
     gtsForcedDelete                           FC78      58      88       2   APP_CODE_2_0
     MlmeGts_ProcessRxBeaconGtsData            FCD0     131     305       6   APP_CODE_2_0
     MlmeGts_ProcessRemoteRequest              FE01      7C     124       2   APP_CODE_2_0
     gtsExpireSlot                             FE7D      A1     161       3   APP_CODE_2_0
     gtsAddToBack                              8000      37      55       4   PPAGE_0_1   
     gtsGetStartSlot                           8037      61      97       2   PPAGE_0_1   
     MlmeGts_GenerateGtsData                   8098      D7     215       6   PPAGE_0_1   
     MlmeGts_init                              816F      34      52       4   PPAGE_0_1   
     gtsSendIndication                         81A3      3D      61      10   PPAGE_0_1   
     MlmeGts_GuardedActionHandler              81E0      50      80       2   PPAGE_0_1   
     MlmeGts_CheckValidGts                     8230      F8     248       8   PPAGE_0_1   
     MlmeGts_QueueGtsFrame                     8328      14      20       2   PPAGE_0_1   
     MlmeGts_Reset                             833C      21      33       4   PPAGE_0_1   
     gtsFlushAnchor                            835D      25      37       6   PPAGE_0_1   
     gtsAllocateSlot                           8382      6B     107       4   PPAGE_0_1   
     gtsReallocateSlot                         83ED      45      69       2   PPAGE_0_1   
     gtsDeallocateSlot                         8432      76     118       8   PPAGE_0_1   
     gtsAlignSlots                             84A8     109     265      11   PPAGE_0_1   
     gtsCalculateSlotTiming                    85B1      D8     216       6   PPAGE_0_1   
     gtsCalculateSlotExpiration                8689      1E      30       4   PPAGE_0_1   
     MemGts_GetNextSlot                        86A7      FC     252       3   PPAGE_0_1   
- VARIABLES:
     gLastCapSlot                               B8B       1       1      10   .common     
     gMlmeGtsAllocRequestSent                   B8C       1       1       8   .common     
     gMlmeGtsBeaconsRemaining                   B8D       1       1       4   .common     
     gMlmeGtsRequestedCharacteristics           B8E       1       1       7   .common     
     gMlmeGtsSecurity                           B8F       1       1       2   .common     
     gGtsData                                   B90      17      23       4   .common     
     gGtsLen                                    BA7       1       1       5   .common     
     gGtsInfoArray                              BA8      8C     140      27   .common     
     gGtsGuardedAction                          C34       1       1      13   .common     
     gUpdateGtsData                             C35       1       1       4   .common     
     pGtsAnchor                                 C36       2       2       3   .common     
     gMlmeGtsAccess                             C38       1       1      16   .common     
     gMemGtsAccess                              C39       1       1      12   .common     
MODULE:                 -- MlmeAssociate_c.obj (802.15.4_MAC_FFD_S08MC1323x.Lib) --
- PROCEDURES:
     MlmeAssociate_SendRequest                 87A3      A4     164       2   PPAGE_0_1   
     MlmeAssociate_SendPollRequest             8847      1C      28       2   PPAGE_0_1   
     MlmeAssociate_SendIndication              8863      3B      59       2   PPAGE_0_1   
     MlmeAssociate_SendConfirm                 889E      55      85       4   PPAGE_0_1   
     MlmeAssociate_SendErrConfirm              88F3      20      32       8   PPAGE_0_1   
     MlmeDisassociate_SendIndication           8913      2F      47       2   PPAGE_0_1   
     MlmeAssociate_HandlePollCompletion        8942      28      40       2   PPAGE_0_1   
     MlmeAssociate_SetTimer                    896A      3C      60       8   PPAGE_0_1   
     MlmeAssociateWaitTxResult                 89A6      B4     180      11   PPAGE_0_1   
     MlmeAssociateIgnorePollConfirm            8A5A      16      22       2   PPAGE_0_1   
     MlmeAssociateWaitTimeout                  8A70      76     118       4   PPAGE_0_1   
- VARIABLES:
     mAssociateCoordAddrMode                    C3A       1       1       2   .common     
     mAssociateSecurityEnable                   C3B       1       1       2   .common     
     mAssociateCoordAddress                     C3C       8       8       1   .common     
     mAssociateCoordPanId                       C44       2       2       1   .common     
     mWaitForAssociateResp                      C46       1       1       4   .common     
MODULE:                 -- MemTimer_c.obj (802.15.4_MAC_FFD_S08MC1323x.Lib) --
- PROCEDURES:
     MemTimer_StartWait                        8AE6      16      22       2   PPAGE_0_1   
     MemLwrWaitTimer                           8AFC      1C      28       2   PPAGE_0_1   
- VARIABLES:
MODULE:                 -- MemScan_c.obj (802.15.4_MAC_FFD_S08MC1323x.Lib) --
- PROCEDURES:
     MemScan_InitEd                            8B18      2F      47       2   PPAGE_0_1   
     MemScan_InitScan                          8B47      FE     254       2   PPAGE_0_1   
     MemScan_InitPassiveScan                   8C45      1F      31       2   PPAGE_0_1   
     MemScan_CalcScanDuration                  8C64      56      86       6   PPAGE_0_1   
     MemEdScanChannel                          8CBA      53      83       2   PPAGE_0_1   
     MemScanChannelRx                          8D0D      68     104       4   PPAGE_0_1   
     MemScanOrphanRx                           8D75      AD     173       3   PPAGE_0_1   
- VARIABLES:
     gMemScan_ScanDuration                      C47       4       4      10   .common     
     gMemScan_ScanCompleted                     C4B       1       1      12   .common     
     mMaxDetectedEnergy                         C4C       1       1       4   .common     
MODULE:                 -- MemData_c.obj (802.15.4_MAC_FFD_S08MC1323x.Lib) --
- PROCEDURES:
     MemData_Init                              8E22       6       6       2   PPAGE_0_1   
     MemData_StartupTrsHandler                 8E28      18      24       4   PPAGE_0_1   
     MemData_TrsHandler                        8E40      CE     206      12   PPAGE_0_1   
     MemDataWfActionFinish                     8F0E      13      19       2   PPAGE_0_1   
     MemDataWfAutoRxComplete                   8F21      32      50       6   PPAGE_0_1   
     MemDataWfRandomBackoff                    8F53      56      86       2   PPAGE_0_1   
     MemDataWfTxComplete                       8FA9      95     149       4   PPAGE_0_1   
     MemDataDeviceWfDataReqComplete            903E      B3     179       4   PPAGE_0_1   
     MemData_StartRxEnableTrsHandler           90F1      4A      74       2   PPAGE_0_1   
- VARIABLES:
     mMemDataDefaultRxInterval_c               54C4       4       4       1   .rodata     
     gNumTxNoAck                                590       1       1       2   .bss        
     mMemData                                   C4D       1       1       4   .common     
MODULE:                 -- MemBeacon_c.obj (802.15.4_MAC_FFD_S08MC1323x.Lib) --
- PROCEDURES:
     MemBeacon_Init                            913B       8       8       2   PPAGE_0_1   
     MemBeacon_ActionFailCallback              9143      13      19       2   PPAGE_0_1   
     MemBeacon_SetMaintenanceScanPending       9156       6       6       2   PPAGE_0_1   
     MemBeacon_EnableOrDisableBattLifeExtForThisCap       915C      17      23       2   PPAGE_0_1   
     MemBeacon_SendAspInd                      9173      33      51      12   PPAGE_0_1   
     MemBeacon_SetupTimer                      91A6       4       4       4   PPAGE_0_1   
     MemBeacon_BeaconRxFilter                  91AA      49      73       2   PPAGE_0_1   
     MemBeacon_StoreContext                    91F3      2D      45       6   PPAGE_0_1   
     MemBeacon_RestoreContextExclClock         9220      15      21       4   PPAGE_0_1   
     MemBeacon_RestoreContext                  9235      3B      59       2   PPAGE_0_1   
     MemBeacon_TreeModeTrsHandler              9270      A9     169       4   PPAGE_0_1   
     MemBeacon_StartupTrsHandler               9319      CE     206       2   PPAGE_0_1   
     MemBeacon_BcnTrsHandler                   93E7      D1     209      15   PPAGE_0_1   
     MemBeaconBcnCoordWfTxComplete             94B8      58      88       4   PPAGE_0_1   
     MemBeaconBcnDeviceWfRxComplete            9510      B2     178       8   PPAGE_0_1   
     MemBeacon_NoSyncTrsHandler                95C2      BC     188       5   PPAGE_0_1   
     MemBeaconBcnDeviceSyncedOnBeacon          967E      28      40       2   PPAGE_0_1   
     MemBeaconBcnDeviceNotSyncedOnBeacon       96A6       F      15       2   PPAGE_0_1   
     MemBeacon_TxTrsHandler                    96B5      D5     213       2   PPAGE_0_1   
     MemBeacon_RxTrsHandler                    978A      61      97       2   PPAGE_0_1   
     MemBeacon_CapTrsHandler                   97EB      74     116      24   PPAGE_0_1   
     MemBeacon_CapEndedTrsHandler              985F       A      10      14   PPAGE_0_1   
     MemBeaconCapWfAutoRxComplete              9869      32      50       8   PPAGE_0_1   
     MemBeaconCapCoordWfBattLifeRxComplete       989B      5A      90       4   PPAGE_0_1   
[...]
 |  |     |     |  |  |  |  
 |  |     |     |  |  |  +- PacLib_CreatePollPacket (see above)
 |  |     |     |  |  |  |  
 |  |     |     |  |  |  +- FLib_AddOffsetToPointer (see above)
 |  |     |     |  |  |  |  
 |  |     |     |  |  |  +- MlmeOh_SendMsgToMem  (see above) (recursive dependency)
 |  |     |     |  |  |     
 |  |     |     |  |  +- MM_Free              (see above)
 |  |     |     |  |  |  
 |  |     |     |  |  +- MlmeIh_BuildPanDescriptor
 |  |     |     |  |  |  | 
 |  |     |     |  |  |  +- FLib_AddrModeToLength (see above)
 |  |     |     |  |  |  |  
 |  |     |     |  |  |  +- FLib_MemSet          (see above)
 |  |     |     |  |  |  |  
 |  |     |     |  |  |  +- FLib_MemCpy          (see above)
 |  |     |     |  |  |  |  
 |  |     |     |  |  |  +- FLib_AddOffsetToPointer (see above)
 |  |     |     |  |  |     
 |  |     |     |  |  +- MlmeScan_ProcessBeacon
 |  |     |     |  |  |  | 
 |  |     |     |  |  |  +- FLib_MemCmp          (see above)
 |  |     |     |  |  |  |  
 |  |     |     |  |  |  +- FLib_MemCpy          (see above)
 |  |     |     |  |  |  |  
 |  |     |     |  |  |  +- MM_Alloc             (see above)
 |  |     |     |  |  |  |  
 |  |     |     |  |  |  +- MlmeOh_MemMsg        (see above)
 |  |     |     |  |  |     
 |  |     |     |  |  +- MlmeOh_NwkMsg        (see above)
 |  |     |     |  |  |  
 |  |     |     |  |  +- FLib_MemCpy          (see above)
 |  |     |     |  |  |  
 |  |     |     |  |  +- Mlme_FreeSendPendingMsg (see above) (recursive dependency)
 |  |     |     |  |     
 |  |     |     |  +- Mcps_ConvertMemMsg  
 |  |     |     |  |  | 
 |  |     |     |  |  +- MlmeIh_ParseFrameHeader (see above)
 |  |     |     |  |  |  
 |  |     |     |  |  +- FLib_MemInPlaceCpy   (see above)
 |  |     |     |  |  |  
 |  |     |     |  |  +- FLib_MemCpy          (see above)
 |  |     |     |  |  |  
 |  |     |     |  |  +- MCPS_NWK_SapHandler  (see above)
 |  |     |     |  |     
 |  |     |     |  +- MlmeIh_ParseCommandFrame
 |  |     |     |  |  | 
 |  |     |     |  |  +- MlmeIh_ParseFrameHeader (see above)
 |  |     |     |  |  |  
 |  |     |     |  |  +- FLib_AddOffsetToPointer (see above)
 |  |     |     |  |  |  
 |  |     |     |  |  +- MM_Alloc             (see above)
 |  |     |     |  |     
 |  |     |     |  +- MlmeIh_ProcessBeaconRequest
 |  |     |     |  |  | 
 |  |     |     |  |  +- MM_Free              (see above)
 |  |     |     |  |  |  
 |  |     |     |  |  +- PacLib_CreateBeaconPacket (see above)
 |  |     |     |  |  |  
 |  |     |     |  |  +- MlmeOh_SendMsgToMem  (see above) (recursive dependency)
 |  |     |     |  |     
 |  |     |     |  +- MlmeIh_ProcessRemoteDataRequest
 |  |     |     |  |  | 
 |  |     |     |  |  +- MlmeOh_NwkMsg        (see above)
 |  |     |     |  |  |  
 |  |     |     |  |  +- FLib_MemCpy          (see above)
 |  |     |     |  |  |  
 |  |     |     |  |  +- MLME_NWK_SapHandler  (see above)
 |  |     |     |  |  |  
 |  |     |     |  |  +- MM_Free              (see above)
 |  |     |     |  |  |  
 |  |     |     |  |  +- PacMan_GetFromIndirectQueue
 |  |     |     |  |  |  | 
 |  |     |     |  |  |  +- List_GetFirst        (see above)
 |  |     |     |  |  |  |  
 |  |     |     |  |  |  +- MlmeIh_ParseFrameHeader (see above)
 |  |     |     |  |  |  |  
 |  |     |     |  |  |  +- _PUSH_CC             (see above)
 |  |     |     |  |  |  |  
 |  |     |     |  |  |  +- _POP_CC              (see above)
 |  |     |     |  |  |  |  
 |  |     |     |  |  |  +- FLib_AddrModeToLength (see above)
 |  |     |     |  |  |  |  
 |  |     |     |  |  |  +- FLib_MemCmp          (see above)
 |  |     |     |  |  |  |  
 |  |     |     |  |  |  +- List_Remove          (see above)
 |  |     |     |  |  |  |  
 |  |     |     |  |  |  +- PacManToPp_RemoveFromIndirect (see above)
 |  |     |     |  |  |  |  
 |  |     |     |  |  |  +- TMR_StopTimer        (see above)
 |  |     |     |  |  |  |  
 |  |     |     |  |  |  +- List_GetNext         (see above)
 |  |     |     |  |  |     
 |  |     |     |  |  +- MLME_MEM_SapHandler  (see above) (recursive dependency)
 |  |     |     |  |  |  
 |  |     |     |  |  +- PacLib_CreateZeroLengthDataPacket
 |  |     |     |  |  |  | 
 |  |     |     |  |  |  +- MM_Alloc             (see above)
 |  |     |     |  |  |  |  
 |  |     |     |  |  |  +- FLib_ArrayInit       (see above)
 |  |     |     |  |  |  |  
 |  |     |     |  |  |  +- FLib_ArraySetOffset  (see above)
 |  |     |     |  |  |  |  
 |  |     |     |  |  |  +- _PUSH_CC             (see above)
 |  |     |     |  |  |  |  
 |  |     |     |  |  |  +- _POP_CC              (see above)
 |  |     |     |  |  |  |  
 |  |     |     |  |  |  +- FLib_ArrayAddArray   (see above)
 |  |     |     |  |  |  |  
 |  |     |     |  |  |  +- FLib_AddrModeToLength (see above)
 |  |     |     |  |  |  |  
 |  |     |     |  |  |  +- FLib_ArrayLength     (see above)
 |  |     |     |  |  |     
 |  |     |     |  |  +- MlmeOh_SendMsgToMem  (see above) (recursive dependency)
 |  |     |     |  |     
 |  |     |     |  +- MlmeIh_ProcessPollConfirm
 |  |     |     |  |  | 
 |  |     |     |  |  +- _PUSH_CC             (see above)
 |  |     |     |  |  |  
 |  |     |     |  |  +- _POP_CC              (see above)
 |  |     |     |  |  |  
 |  |     |     |  |  +- MM_Free              (see above)
 |  |     |     |  |  |  
 |  |     |     |  |  +- List_AddHead         (see above)
 |  |     |     |  |  |  
 |  |     |     |  |  +- PacLib_CreatePollPacket (see above)
 |  |     |     |  |  |  
 |  |     |     |  |  +- MlmeOh_SendMsgToMem  (see above) (recursive dependency)
 |  |     |     |  |     
 |  |     |     |  +- MlmeIh_ProcessMemTxCnf
 |  |     |     |     | 
 |  |     |     |     +- PacMan_AddToIndirectQueueHead (see above) (recursive dependency)
 |  |     |     |     |  
 |  |     |     |     +- MM_Free              (see above)
 |  |     |     |     |  
 |  |     |     |     +- PacMan_PurgeAfterSeqAction (see above)
 |  |     |     |     |  
 |  |     |     |     +- SendDataCnf          (see above)
 |  |     |     |        
 |  |     |     +- Mlme_FreeSendPendingMsg (see above) (recursive dependency)
 |  |     |     |  
 |  |     |     +- Mcps_ConvertNwkMsg  
 |  |     |     |  | 
 |  |     |     |  +- _PUSH_CC             (see above)
 |  |     |     |  |  
 |  |     |     |  +- _POP_CC              (see above)
 |  |     |     |  |  
 |  |     |     |  +- FLib_MemCpy          (see above)
 |  |     |     |  |  
 |  |     |     |  +- MlmeOh_CreateCommandFrame (see above)
 |  |     |     |  |  
 |  |     |     |  +- MlmeGts_CheckValidGts
 |  |     |     |  |    
 |  |     |     |  +- SendDataCnf          (see above)
 |  |     |     |  |  
 |  |     |     |  +- FLib_MemInPlaceCpy   (see above)
 |  |     |     |  |  
 |  |     |     |  +- MlmeOh_SendMsgToMem  (see above) (recursive dependency)
 |  |     |     |     
 |  |     |     +- MlmeIh_ProcessPurgeRequest
 |  |     |     |  | 
 |  |     |     |  +- PacMan_Purge        
 |  |     |     |  |  | 
 |  |     |     |  |  +- PacMan_PurgeFromQueue
 |  |     |     |  |     | 
 |  |     |     |  |     +- List_GetFirst        (see above)
 |  |     |     |  |     |  
 |  |     |     |  |     +- _PUSH_CC             (see above)
 |  |     |     |  |     |  
 |  |     |     |  |     +- _POP_CC              (see above)
 |  |     |     |  |     |  
 |  |     |     |  |     +- List_Remove          (see above)
 |  |     |     |  |     |  
 |  |     |     |  |     +- PacManToPp_RemoveFromIndirect (see above)
 |  |     |     |  |     |  
 |  |     |     |  |     +- MM_Free              (see above)
 |  |     |     |  |     |  
 |  |     |     |  |     +- List_GetNext         (see above)
 |  |     |     |  |     |  
 |  |     |     |  |     +- MemOh_IsTxPacketInSequencer
 |  |     |     |  |        | 
 |  |     |     |  |        +- _PUSH_CC             (see above)
 |  |     |     |  |        |  
 |  |     |     |  |        +- _POP_CC              (see above)
 |  |     |     |  |           
 |  |     |     |  +- MCPS_NWK_SapHandler  (see above)
 |  |     |     |     
 |  |     |     +- MM_Free              (see above)
 |  |     |     |  
 |  |     |     +- Asp_Main            
 |  |     |     |  | 
 |  |     |     |  +- List_RemoveHead      (see above)
 |  |     |     |  |  
 |  |     |     |  +- Asp_SendBeaconStateInd
 |  |     |     |  |  | 
 |  |     |     |  |  +- MemOh_SeqReadClockReq (see above)
 |  |     |     |  |  |  
 |  |     |     |  |  +- Asp_ZbClock24ToByteArray
 |  |     |     |  |       
 |  |     |     |  +- ASP_APP_SapHandler  
 |  |     |     |  |  | 
 |  |     |     |  |  +- MM_Free              (see above)
 |  |     |     |  |     
 |  |     |     |  +- MM_Free              (see above)
 |  |     |     |  |  
 |  |     |     |  +- TS_SendEvent         (see above)
 |  |     |     |  |  
 |  |     |     |  +- ASP_TestMain        
 |  |     |     |     | 
 |  |     |     |     +- _CALL_STAR08_FAR     (see above)
 |  |     |     |        
 |  |     |     +- BeaconMaintenance   
 |  |     |        | 
 |  |     |        +- MlmeGts_GuardedActionHandler
 |  |     |        |  | 
 |  |     |        |  +- MlmeGts_Reset        (see above)
 |  |     |        |  |  
 |  |     |        |  +- MlmeGts_ProcessPendingRequest
 |  |     |        |  |  | 
 |  |     |        |  |  +- MlmeOh_CreateCommandFrameMessage (see above)
 |  |     |        |  |  |  
 |  |     |        |  |  +- gtsDeallocateSlot    (see above)
 |  |     |        |  |  |  
 |  |     |        |  |  +- gtsAlignSlots        (see above)
 |  |     |        |  |  |  
 |  |     |        |  |  +- gtsSendIndication    (see above) (recursive dependency)
 |  |     |        |  |  |  
 |  |     |        |  |  +- MlmeGts_SendConfirm  (see above) (recursive dependency)
 |  |     |        |  |  |  
 |  |     |        |  |  +- Mlme_FreeSendPendingMsg (see above) (recursive dependency)
 |  |     |        |  |     
 |  |     |        |  +- gtsExpireSlot       
 |  |     |        |  |  | 
 |  |     |        |  |  +- gtsFlushAnchor       (see above)
 |  |     |        |  |  |  
 |  |     |        |  |  +- FLib_MemCpy          (see above)
 |  |     |        |  |  |  
 |  |     |        |  |  +- FLib_MemSet          (see above)
 |  |     |        |  |  |  
 |  |     |        |  |  +- gtsAlignSlots        (see above)
 |  |     |        |  |  |  
 |  |     |        |  |  +- gtsSendIndication    (see above) (recursive dependency)
 |  |     |        |  |     
 |  |     |        |  +- gtsForcedDelete     
 |  |     |        |     | 
 |  |     |        |     +- gtsSendIndication    (see above) (recursive dependency)
 |  |     |        |     |  
 |  |     |        |     +- gtsDeallocateSlot    (see above)
 |  |     |        |     |  
 |  |     |        |     +- gtsAlignSlots        (see above)
 |  |     |        |        
 |  |     |        +- MlmeGts_GenerateGtsData (see above)
 |  |     |        |  
 |  |     |        +- PacMan_CheckForExpired (see above)
 |  |     |           
 |  |     +- TS_CreateTask        (see above)
 |  |     |  
 |  |     +- _CALL_STAR08_FAR     (see above)
 |  |        
 |  +- CMT_Initialize      
 |  |  | 
 |  |  +- CMT_Task            
 |  |  |  | 
 |  |  |  +- _CMP24_RC            (see above)
 |  |  |  |  
 |  |  |  +- _CALL_STAR08_FAR     (see above)
 |  |  |     
 |  |  +- TS_CreateTask        (see above)
 |  |     
 |  +- AppTask             
 |  |  | 
 |  |  +- List_RemoveHead      (see above)
 |  |  |  
 |  |  +- App_WaitMsg         
 |  |  |    
 |  |  +- MM_Free              (see above)
 |  |  |  
 |  |  +- App_StartScan       
 |  |  |  | 
 |  |  |  +- MM_Alloc             (see above)
 |  |  |  |  
 |  |  |  +- NWK_MLME_SapHandler 
 |  |  |  |  | 
 |  |  |  |  +- Mlme_VerifyNwkInput 
 |  |  |  |  |  | 
 |  |  |  |  |  +- FLib_MemCmp          (see above)
 |  |  |  |  |  |  
 |  |  |  |  |  +- _LLSL                (see above)
 |  |  |  |  |  |  
 |  |  |  |  |  +- _POP32               (see above)
 |  |  |  |  |  |  
 |  |  |  |  |  +- _LCMP                (see above)
 |  |  |  |  |  |  
 |  |  |  |  |  +- Mlme_CheckPibAttributes
 |  |  |  |  |     | 
 |  |  |  |  |     +- _LLSL                (see above)
 |  |  |  |  |     |  
 |  |  |  |  |     +- _POP32               (see above)
 |  |  |  |  |     |  
 |  |  |  |  |     +- _SEXT16_32           (see above)
 |  |  |  |  |        
 |  |  |  |  +- ZTC_TaskEventMonitor
 |  |  |  |  |    
 |  |  |  |  +- Mlme_HandleSetGetReq
 |  |  |  |  |  | 
 |  |  |  |  |  +- MPIB_GetPointer      (see above)
 |  |  |  |  |  |  
 |  |  |  |  |  +- _PUSH_CC             (see above)
 |  |  |  |  |  |  
 |  |  |  |  |  +- _POP_CC              (see above)
 |  |  |  |  |  |  
 |  |  |  |  |  +- MlmeOh_MemMsg        (see above)
 |  |  |  |  |  |  
 |  |  |  |  |  +- PhyPpSetPanId        (see above)
 |  |  |  |  |  |  
 |  |  |  |  |  +- PhyPpSetShortAddr    (see above)
 |  |  |  |  |  |  
 |  |  |  |  |  +- PhyPpSetPromiscuous  (see above)
 |  |  |  |  |  |  
 |  |  |  |  |  +- FLib_MemCpyDir      
 |  |  |  |  |  |  | 
 |  |  |  |  |  |  +- FLib_MemCpy          (see above)
 |  |  |  |  |  |     
 |  |  |  |  |  +- MlmeOh_SendMem       (see above) (recursive dependency)
 |  |  |  |  |     
 |  |  |  |  +- Mlme_Reset          
 |  |  |  |  |  | 
 |  |  |  |  |  +- PhyAbort             (see above)
 |  |  |  |  |  |  
 |  |  |  |  |  +- PhyInit              (see above)
 |  |  |  |  |  |  
 |  |  |  |  |  +- MacPhyInit_WriteExtAddress (see above)
 |  |  |  |  |  |  
 |  |  |  |  |  +- PhyPpSetCcaThreshold (see above)
 |  |  |  |  |  |  
 |  |  |  |  |  +- InitializeMac        (see above)
 |  |  |  |  |     
 |  |  |  |  +- List_AddTail         (see above)
 |  |  |  |  |  
 |  |  |  |  +- TS_SendEvent         (see above)
 |  |  |  |     
 |  |  |  +- UartUtil_Print      
 |  |  |     | 
 |  |  |     +- Uart1_IsTxActive    
 |  |  |     |    
 |  |  |     +- UartUtil_TxCallback 
 |  |  |     |  | 
 |  |  |     |  +- UartUtil_TxCallbackPaged
 |  |  |     |       
 |  |  |     +- Uart1_Transmit      
 |  |  |        | 
 |  |  |        +- _CMP24_RC            (see above)
 |  |  |        |  
 |  |  |        +- _CALL_STAR08_FAR     (see above)
 |  |  |           
 |  |  +- App_HandleScanEdConfirm
 |  |  |  | 
 |  |  |  +- _LLSR               
 |  |  |  |  | 
 |  |  |  |  +- _ENTER_UNARY_L       (see above)
 |  |  |  |     
 |  |  |  +- UartUtil_PrintHex   
 |  |  |  |  | 
 |  |  |  |  +- Uart1_IsTxActive     (see above)
 |  |  |  |  |  
 |  |  |  |  +- HexToAscii          
 |  |  |  |  |    
 |  |  |  |  +- UartUtil_TxCallback  (see above)
 |  |  |  |  |  
 |  |  |  |  +- Uart1_Transmit       (see above)
 |  |  |  |     
 |  |  |  +- MM_Free              (see above)
 |  |  |  |  
 |  |  |  +- UartUtil_Print       (see above)
 |  |  |     
 |  |  +- UartUtil_PrintHex    (see above)
 |  |  |  
 |  |  +- App_StartCoordinator
 |  |  |  | 
 |  |  |  +- MM_Alloc             (see above)
 |  |  |  |  
 |  |  |  +- NWK_MLME_SapHandler  (see above)
 |  |  |  |  
 |  |  |  +- FLib_MemCpy          (see above)
 |  |  |  |  
 |  |  |  +- UartUtil_Print       (see above)
 |  |  |     
 |  |  +- TS_SendEvent         (see above)
 |  |  |  
 |  |  +- App_HandleMlmeInput 
 |  |  |  | 
 |  |  |  +- UartUtil_Print       (see above)
 |  |  |  |  
 |  |  |  +- App_SendAssociateResponse
 |  |  |  |  | 
 |  |  |  |  +- MM_Alloc             (see above)
 |  |  |  |  |  
 |  |  |  |  +- FLib_MemCpy          (see above)
 |  |  |  |  |  
 |  |  |  |  +- NWK_MLME_SapHandler  (see above)
 |  |  |  |  |  
 |  |  |  |  +- UartUtil_Print       (see above)
 |  |  |  |     
 |  |  |  +- UartUtil_PrintHex    (see above)
 |  |  |     
 |  |  +- App_TransmitUartData
 |  |  |  | 
 |  |  |  +- Uart1_GetByteFromRxBuffer
 |  |  |  |    
 |  |  |  +- MM_Alloc             (see above)
 |  |  |  |  
 |  |  |  +- FLib_MemCpy          (see above)
 |  |  |  |  
 |  |  |  +- NWK_MCPS_SapHandler 
 |  |  |  |  | 
 |  |  |  |  +- List_AddTail         (see above)
 |  |  |  |  |  
 |  |  |  |  +- _CMP24_RC            (see above)
 |  |  |  |  |  
 |  |  |  |  +- SeqSubCompIdleState  (see above) (recursive dependency)
 |  |  |  |  |  
 |  |  |  |  +- _PUSH_CC             (see above)
 |  |  |  |  |  
 |  |  |  |  +- _POP_CC              (see above)
 |  |  |  |  |  
 |  |  |  |  +- gMemLwrSm            (see above)
 |  |  |  |  |  
 |  |  |  |  +- MemDataWfTxComplete  (see above) (recursive dependency)
 |  |  |  |  |  
 |  |  |  |  +- MemLwrIdle           (see above) (recursive dependency)
 |  |  |  |  |  
 |  |  |  |  +- TS_SendEvent         (see above)
 |  |  |  |  |  
 |  |  |  |  +- ZTC_TaskEventMonitor (see above)
 |  |  |  |     
 |  |  |  +- TS_SendEvent         (see above)
 |  |  |     
 |  |  +- App_HandleMcpsInput 
 |  |  |  | 
 |  |  |  +- UartUtil_PrintHex    (see above)
 |  |  |  |  
 |  |  |  +- UartUtil_Print       (see above)
 |  |  |     
 |  |  +- CMT_IsTxActive      
 |  |  |    
 |  |  +- CMT_TxBits          
 |  |  |    
 |  |  +- UartUtil_Print       (see above)
 |  |     
 |  +- TS_CreateTask        (see above)
 |  |  
 |  +- MApp_init           
 |  |  | 
 |  |  +- Init_MacExtendedAddress
 |  |  |  | 
 |  |  |  +- MacPhyInit_WriteExtAddress (see above)
 |  |  |     
 |  |  +- App_HandleKeys      
 |  |  |  | 
 |  |  |  +- App_HandleGenericKey
 |  |  |     | 
 |  |  |     +- LED_StopFlash       
 |  |  |     |  | 
 |  |  |     |  +- LED_TurnOffLed      
 |  |  |     |  |    
 |  |  |     |  +- TMR_StopTimer        (see above)
 |  |  |     |     
 |  |  |     +- TS_SendEvent         (see above)
 |  |  |        
 |  |  +- KBD_Init            
 |  |  |  | 
 |  |  |  +- TMR_AllocateTimer    (see above)
 |  |  |  |  
 |  |  |  +- KBD_MatrixSetRows    (see above)
 |  |  |     
 |  |  +- SPI1_Init           
 |  |  |    
 |  |  +- LED_Init            
 |  |  |  | 
 |  |  |  +- TMR_AllocateTimer    (see above)
 |  |  |  |  
 |  |  |  +- LED_TurnOffAllLeds  
 |  |  |     | 
 |  |  |     +- LED_TurnOffLed       (see above)
 |  |  |        
 |  |  +- PWRLib_Init         
 |  |  |    
 |  |  +- Uart1_SetBaud        (see above)
 |  |  |  
 |  |  +- UartRxCallBack      
 |  |  |  | 
 |  |  |  +- TS_SendEvent         (see above)
 |  |  |  |  
 |  |  |  +- Uart1_GetByteFromRxBuffer (see above)
 |  |  |     
 |  |  +- Uart1_SetRxCallBack 
 |  |  |  | 
 |  |  |  +- _CMP24_RC            (see above)
 |  |  |     
 |  |  +- IIC_Bus_Reset       
 |  |  |  | 
 |  |  |  +- _IMODS_STAR08       
 |  |  |     | 
 |  |  |     +- _SPLITSIGN          
 |  |  |        | 
 |  |  |        +- _IDIVMOD            
 |  |  |             
 |  |  +- IIC_ModuleInit      
 |  |  |    
 |  |  +- List_ClearAnchor     (see above)
 |  |  |  
 |  |  +- LED_StartFlash      
 |  |  |  | 
 |  |  |  +- LED_FlashTimeout    
 |  |  |  |    
 |  |  |  +- TMR_StartIntervalTimer (see above)
 |  |  |     
 |  |  +- UartUtil_Print       (see above)
 |  |     
 |  +- PWR_DisallowDeviceToSleep
 |  |    
 |  +- TS_Scheduler        
 |     | 
 |     +- _CALL_STAR08_FAR     (see above)
 |        
 +- _Startup             (see above) (recursive dependency)
    
*********************************************************************************************
STATISTIC SECTION
---------------------------------------------------------------------------------------------

ExeFile:
--------
Number of blocks to be downloaded: 14
Total size of all blocks to be downloaded: 50621

