*** EVALUATION ***
PROGRAM "MyWirelessApp Demo Beacon (End Device).abs"

*********************************************************************************************
TARGET SECTION
---------------------------------------------------------------------------------------------
Processor   : Freescale HC08
Memory Model: BANKED
File Format : ELF\DWARF 2.0
Linker      : SmartLinker V-5.0.49 Build 12319, Nov 15 2012

*********************************************************************************************
FILE SECTION
---------------------------------------------------------------------------------------------
ZtcMain_c.obj                           Model: BANKED,        Lang: ANSI-C
TS_kernel_c.obj                         Model: BANKED,        Lang: ANSI-C
Uart_c.obj                              Model: BANKED,        Lang: ANSI-C
Timer_c.obj                             Model: BANKED,        Lang: ANSI-C
MMA8652_c.obj                           Model: BANKED,        Lang: ANSI-C
SPI_c.obj                               Model: BANKED,        Lang: ANSI-C
RSTHal_c.obj                            Model: BANKED,        Lang: ANSI-C
Led_c.obj                               Model: BANKED,        Lang: ANSI-C
PWRLib_c.obj                            Model: BANKED,        Lang: ANSI-C
PWR_MC1323x_c.obj                       Model: BANKED,        Lang: ANSI-C
Keyboard_c.obj                          Model: BANKED,        Lang: ANSI-C
IIC_c.obj                               Model: BANKED,        Lang: ANSI-C
FunctionLib_c.obj                       Model: BANKED,        Lang: ANSI-C
NV_Data_c.obj                           Model: BANKED,        Lang: ANSI-C
PlatformInit_c.obj                      Model: BANKED,        Lang: ANSI-C
crt0_c.obj                              Model: BANKED,        Lang: ANSI-C
dummyisr_c.obj                          Model: BANKED,        Lang: ANSI-C
icg_c.obj                               Model: BANKED,        Lang: ANSI-C
isrvectors_c.obj                        Model: BANKED,        Lang: ANSI-C
PhyISR_c.obj                            Model: BANKED,        Lang: ANSI-C
PhyPacketProcessor_c.obj                Model: BANKED,        Lang: ANSI-C
PhyPlmeData_c.obj                       Model: BANKED,        Lang: ANSI-C
PhyTime_c.obj                           Model: BANKED,        Lang: ANSI-C
UartUtil_c.obj                          Model: BANKED,        Lang: ANSI-C
MApp_c.obj                              Model: BANKED,        Lang: ANSI-C
MApp_init_c.obj                         Model: BANKED,        Lang: ANSI-C
MacInit_c.obj                           Model: BANKED,        Lang: ANSI-C
GlobalVars_c.obj                        Model: BANKED,        Lang: ANSI-C
rtshc08.o (ansibim.lib)                 Model: BANKED,        Lang: ANSI-C
PhyMacMsg_c.obj (802.15.4_MAC_FFD_S08MC1323x.Lib)Model: BANKED,        Lang: ANSI-C
SmApi_c.obj (802.15.4_MAC_FFD_S08MC1323x.Lib)Model: BANKED,        Lang: ANSI-C
SecurityLib_c.obj (802.15.4_MAC_FFD_S08MC1323x.Lib)Model: BANKED,        Lang: ANSI-C
SecurityApply_c.obj (802.15.4_MAC_FFD_S08MC1323x.Lib)Model: BANKED,        Lang: ANSI-C
SecurityControl_c.obj (802.15.4_MAC_FFD_S08MC1323x.Lib)Model: BANKED,        Lang: ANSI-C
PacketManager_c.obj (802.15.4_MAC_FFD_S08MC1323x.Lib)Model: BANKED,        Lang: ANSI-C
PacketLib_c.obj (802.15.4_MAC_FFD_S08MC1323x.Lib)Model: BANKED,        Lang: ANSI-C
MacPib_c.obj (802.15.4_MAC_FFD_S08MC1323x.Lib)Model: BANKED,        Lang: ANSI-C
MacConst_c.obj (802.15.4_MAC_FFD_S08MC1323x.Lib)Model: BANKED,        Lang: ANSI-C
ClockManager_c.obj (802.15.4_MAC_FFD_S08MC1323x.Lib)Model: BANKED,        Lang: ANSI-C
AsmDriver_c.obj (802.15.4_MAC_FFD_S08MC1323x.Lib)Model: BANKED,        Lang: ANSI-C
MacSeqMC1323X_c.obj (802.15.4_MAC_FFD_S08MC1323x.Lib)Model: BANKED,        Lang: ANSI-C
SeqRxMC1323X_c.obj (802.15.4_MAC_FFD_S08MC1323x.Lib)Model: BANKED,        Lang: ANSI-C
SeqSubMainMC1323X_c.obj (802.15.4_MAC_FFD_S08MC1323x.Lib)Model: BANKED,        Lang: ANSI-C
SeqTxMC1323X_c.obj (802.15.4_MAC_FFD_S08MC1323x.Lib)Model: BANKED,        Lang: ANSI-C
MlmeStart_c.obj (802.15.4_MAC_FFD_S08MC1323x.Lib)Model: BANKED,        Lang: ANSI-C
MlmeScan_c.obj (802.15.4_MAC_FFD_S08MC1323x.Lib)Model: BANKED,        Lang: ANSI-C
MlmePanIdConflict_c.obj (802.15.4_MAC_FFD_S08MC1323x.Lib)Model: BANKED,        Lang: ANSI-C
MlmeInputHandler_c.obj (802.15.4_MAC_FFD_S08MC1323x.Lib)Model: BANKED,        Lang: ANSI-C
MlmeMain_c.obj (802.15.4_MAC_FFD_S08MC1323x.Lib)Model: BANKED,        Lang: ANSI-C
MlmeOutputHandler_c.obj (802.15.4_MAC_FFD_S08MC1323x.Lib)Model: BANKED,        Lang: ANSI-C
MlmeSm_c.obj (802.15.4_MAC_FFD_S08MC1323x.Lib)Model: BANKED,        Lang: ANSI-C
MlmeGts_c.obj (802.15.4_MAC_FFD_S08MC1323x.Lib)Model: BANKED,        Lang: ANSI-C
MlmeAssociate_c.obj (802.15.4_MAC_FFD_S08MC1323x.Lib)Model: BANKED,        Lang: ANSI-C
MemTimer_c.obj (802.15.4_MAC_FFD_S08MC1323x.Lib)Model: BANKED,        Lang: ANSI-C
MemScan_c.obj (802.15.4_MAC_FFD_S08MC1323x.Lib)Model: BANKED,        Lang: ANSI-C
MemData_c.obj (802.15.4_MAC_FFD_S08MC1323x.Lib)Model: BANKED,        Lang: ANSI-C
MemBeacon_c.obj (802.15.4_MAC_FFD_S08MC1323x.Lib)Model: BANKED,        Lang: ANSI-C
MemBeaconSupport_c.obj (802.15.4_MAC_FFD_S08MC1323x.Lib)Model: BANKED,        Lang: ANSI-C
MemInputHandler_c.obj (802.15.4_MAC_FFD_S08MC1323x.Lib)Model: BANKED,        Lang: ANSI-C
MemOutputHandler_c.obj (802.15.4_MAC_FFD_S08MC1323x.Lib)Model: BANKED,        Lang: ANSI-C
MemSmControl_c.obj (802.15.4_MAC_FFD_S08MC1323x.Lib)Model: BANKED,        Lang: ANSI-C
MemSmLib_c.obj (802.15.4_MAC_FFD_S08MC1323x.Lib)Model: BANKED,        Lang: ANSI-C
MemSmLower_c.obj (802.15.4_MAC_FFD_S08MC1323x.Lib)Model: BANKED,        Lang: ANSI-C
McpsConversion_c.obj (802.15.4_MAC_FFD_S08MC1323x.Lib)Model: BANKED,        Lang: ANSI-C
MacMain_c.obj (802.15.4_MAC_FFD_S08MC1323x.Lib)Model: BANKED,        Lang: ANSI-C
ASPMain_c.obj (802.15.4_MAC_FFD_S08MC1323x.Lib)Model: BANKED,        Lang: ANSI-C
Telec_c.obj (802.15.4_MAC_FFD_S08MC1323x.Lib)Model: BANKED,        Lang: ANSI-C

*********************************************************************************************
STARTUP SECTION
---------------------------------------------------------------------------------------------
Entry point: 0x5E69 (_Startup)
_startupData is allocated at 0x2080 and uses 12 Bytes
extern struct _tagStartup {
  unsigned flags          0
  _PFunc   main           0xC449    (main)
  long     stackOffset    0x2FF
  unsigned nofZeroOut     2
  _Range   pZeroOut       0x80     1
                          0x300     2586
  _Copy    *toCopyDownBeg 0x7E86
} _startupData;

*********************************************************************************************
SECTION-ALLOCATION SECTION
Section Name                    Size  Type     From       To       Segment
---------------------------------------------------------------------------------------------
MY_ZEROPAGE                        1   R/W       0x80       0x80   ZERO_PAGE_RAM
.data                            106   R/W      0x300      0x369   APP_RAM
NON_BANKED                      4960     R     0x4000     0x535F   APP_CODE_1
.copy                            112     R     0x7E86     0x7EF5   APP_CODE_1
.rodata                          293     R     0x5360     0x5484   APP_CODE_1
.rodata1                        2346     R     0x5485     0x5DAE   APP_CODE_1
.text                           8167     R     0x5E9F     0x7E85   APP_CODE_1
.startData                        36     R     0x2080     0x20A3   APP_STARTUP_STRUC_FLASH
FREESCALE_PROD_DATA               78     R     0xFF50     0xFF9D   FREESCALE_PROD_FLASH
NV_REGISTERS_SECTION              16     R     0xFFB0     0xFFBF   RES_NV_REGISTERS_FLASH
.stack                           512   R/W      0x100      0x2FF   APP_STACK_RAM
IRQ_VECTOR_SECTION                62     R     0xFFC0     0xFFFD   RES_IRQ_VECTORS_TABLE_FLASH
PAGED_ROM                          1     R     0xA07D     0xA07D   PPAGE_0
.bss                             633   R/W      0x36A      0x5E2   APP_RAM
.init                            238     R     0x5DB1     0x5E9E   APP_CODE_1
.common                         1845   R/W      0x5E3      0xD17   APP_RAM
_STARTUP                           2   R/W      0xD18      0xD19   APP_RAM
RESET_VECTOR_SECTION               2     R     0x5DAF     0x5DB0   APP_CODE_1
APP_CODE_2_0                   15867     R     0xC000     0xFDFA   APP_CODE_2
PPAGE_0_1                       8317     R     0x8000     0xA07C   PPAGE_0
PPAGE_2_2                      13215     R    0x28000    0x2B39E   PPAGE_2
PPAGE_2_3                        373     R    0x2B39F    0x2B513   PPAGE_2
RES_RESET_VECTOR_FLASH_vect          2     R     0xFFFE     0xFFFF   RES_RESET_VECTOR_FLASH

Summary of section sizes per section type:
READ_ONLY (R):        D345 (dec:    54085)
READ_WRITE (R/W):      C1B (dec:     3099)

*********************************************************************************************
VECTOR-ALLOCATION SECTION
    Address     InitValue   InitFunction
---------------------------------------------------------------------------------------------
     0xFFFE        0x5E69   _Startup

*********************************************************************************************
OBJECT-ALLOCATION SECTION
     Name               Module                 Addr   hSize   dSize     Ref    Section   RLIB
---------------------------------------------------------------------------------------------
MODULE:                 -- ZtcMain_c.obj --
- PROCEDURES:
     ZTC_TaskEventMonitor                      5E9F       1       1       6   .text       
- VARIABLES:
MODULE:                 -- TS_kernel_c.obj --
- PROCEDURES:
     TS_CreateTask                             5EA0      B6     182      11   .text       
     TS_Init                                   5F56      32      50       2   .text       
     TS_SendEvent                              5F88      28      40      82   .text       
     TS_Scheduler                              5FB0      7B     123       2   .text       
- VARIABLES:
     maTsTaskTable                              5E3      2A      42      19   .common     
     maTsTaskIDsByPriority                      60D       7       7       8   .common     
     gIdleTaskID                                614       1       1       1   .common     
MODULE:                 -- Uart_c.obj --
- PROCEDURES:
     Uart_ClearErrors                          602B       A      10       2   .text       
     Uart1_GetByteFromRxBuffer                 6035      56      86       4   .text       
     Uart1_IsTxActive                          608B      10      16       8   .text       
     Uart_ModuleInit                           609B      1C      28       2   .text       
     Uart1_SetRxCallBack                       60B7      29      41       2   .text       
     Uart1_SetBaud                             60E0     6A4    1700     831   .text       
     Uart1_Transmit                            6784      76     118       6   .text       
     Uart_Task                                 67FA      5F      95       2   .text       
     Uart_TaskInit                             6859      15      21       2   .text       
     Uart1_ErrorIsr                            4000       C      12       1   NON_BANKED  
     Uart1_RxIsr                               400C      56      86       1   NON_BANKED  
     Uart1_TxIsr                               4062      C9     201       2   NON_BANKED  
- VARIABLES:
     uart1_ungetFlag                            36A       1       1       2   .bss        
     Uart1_TxCompleteFlag                       36B       1       1       2   .bss        
     maSci1TxCallbackLeadingIndex               36C       1       1       5   .bss        
     maSci1TxCallbackTrailingIndex              36D       1       1       5   .bss        
     uart1_ungetByte                            36E       1       1       1   .bss        
     maSci1TxBufRefTable                        36F       F      15      10   .bss        
     maSci1TxBufLenTable                        37E       3       3       6   .bss        
     mSci1TxCurIndex                            381       1       1       4   .bss        
     mSci1TxBufRefLeadingIndex                  382       1       1       4   .bss        
     mSci1TxBufRefTrailingIndex                 383       1       1       8   .bss        
     maSci1TxCallbackTable                      384       F      15       8   .bss        
     maSci1RxBuf                                393      20      32       2   .bss        
     mSci1RxBufLeadingIndex                     3B3       1       1       5   .bss        
     mSci1RxBufTrailingIndex                    3B4       1       1       8   .bss        
     pfSci1RxCallBack                           3B5       3       3       5   .bss        
     gUartTaskId                                615       1       1       3   .common     
     mSci1RxBufferByteCount                     616       1       1       5   .common     
MODULE:                 -- Timer_c.obj --
- PROCEDURES:
     TMR_Init                                  686E      18      24       2   .text       
     TMR_AllocateTimer                         6886      1E      30      12   .text       
     TMR_IsTimerActive                         68A4       C      12       4   .text       
     TMR_StartTimer                            68B0      B3     179       6   .text       
     TMR_StartIntervalTimer                    6963      21      33      10   .text       
     TMR_StopTimer                             6984      48      72      18   .text       
     TMR_Task                                  69CC     1B5     437       7   .text       
     TMR_EnableTimer                           6B81      3D      61       4   .text       
     TMR_GetTimerStatus                        6BBE       8       8      10   .text       
     TMR_SetTimerStatus                        6BC6       F      15       8   .text       
     TMR_GetTimerType                          6BD5       8       8       6   .text       
     TMR_SetTimerType                          6BDD       F      15       2   .text       
     TMR_InterruptHandler                      412B      14      20       1   NON_BANKED  
- VARIABLES:
     numberOfActiveTimers                       3B8       1       1       4   .bss        
     numberOfLowPowerActiveTimers               3B9       1       1       4   .bss        
     previousTimeInTicks                        3BA       2       2       3   .bss        
     timerHardwareIsRunning                     3BC       1       1       2   .bss        
     maTmrTimerTable                            3BD      EE     238       4   .bss        
     maTmrTimerStatusTable                      4AB      22      34       7   .bss        
     mTmrRead16bitReg                           4CD       2       2       6   .bss        
     gTimerTaskID                               4CF       1       1       5   .bss        
MODULE:                 -- MMA8652_c.obj --
- PROCEDURES:
     MMA8652_SetCallBack                       6BEC       D      13       2   .text       
     MMA8652_int                               6BF9      36      54       2   .text       
     MMA8652_Start_Periodical_data             6C2F      1B      27       2   .text       
     MMA8652_Periodical_data                   6C4A      7F     127      14   .text       
     MMA8652_CatchSensorData                   6CC9      28      40       2   .text       
     MMA8652_Init                              6CF1      18      24       2   .text       
     MMA8652_CallBack                          6D09       B      11       2   .text       
- VARIABLES:
     mMMA8652TimerID                            300       1       1       2   .data       
     mDataFrom_MMA8652                          4D0       8       8       6   .bss        
     pfMMA8652_CallBack                         617       3       3       4   .common     
MODULE:                 -- SPI_c.obj --
- PROCEDURES:
     SPI1_Init                                 6D14       2       2       2   .text       
- VARIABLES:
MODULE:                 -- RSTHal_c.obj --
- PROCEDURES:
     RST_GetResetStatus                        6D16       7       7       2   .text       
- VARIABLES:
     gRSTResetStatus                            61A       1       1       1   .common     
MODULE:                 -- Led_c.obj --
- PROCEDURES:
     LED_Init                                  6D1D       C      12       2   .text       
     LED_TurnOffLed                            6D29      19      25       4   .text       
     LED_TurnOffAllLeds                        6D42       7       7       2   .text       
     LED_StartFlash                            6D49      1F      31       8   .text       
     LED_StopFlash                             6D68      16      22       8   .text       
     LED_FlashTimeout                          6D7E      4E      78       2   .text       
- VARIABLES:
     mLEDTimerID                                301       1       1       3   .data       
     mLedFlashingLEDs                           4D8       1       1       9   .bss        
     mfLedInSerialMode                          61B       1       1       1   .common     
MODULE:                 -- PWRLib_c.obj --
- PROCEDURES:
     PWRLib_Init                               6DCC      2B      43       2   .text       
- VARIABLES:
     PWRLib_ICGMode                             4D9       1       1       1   .bss        
     PWRLib_MCU_WakeupReason                     80       1       1       5   MY_ZEROPAGE 
     PWRLib_StackPS                             61C       1       1       1   .common     
MODULE:                 -- PWR_MC1323x_c.obj --
- PROCEDURES:
     PWR_DisallowDeviceToSleep                 6DF7       E      14       2   .text       
- VARIABLES:
     mLPMFlag                                   4DA       1       1       1   .bss        
MODULE:                 -- Keyboard_c.obj --
- PROCEDURES:
     KBD_Init                                  6E05      23      35       2   .text       
     KBD_KeySwitchPortGet                      6E28       5       5       2   .text       
     KBD_PortGet                               6E2D      14      20       2   .text       
     KBD_KeyCheck                              6E41      2A      42       2   .text       
     KBD_MatrixSetRows                         6E6B      1A      26      16   .text       
     KBD_MatrixActivateRow                     6E85      3C      60       8   .text       
     KBD_MatrixDeactivateRow                   6EC1      1B      27       2   .text       
     KBD_KeyMatrixGet                          6EDC      90     144       2   .text       
     KBD_KeyScan                               6F6C      81     129       2   .text       
     KBD_FinishScan                            6FED       F      15       2   .text       
     Switch_Press_ISR                          413F      27      39       1   NON_BANKED  
- VARIABLES:
     mKeyRowPorts                               302       A      10       6   .data       
     mKeyScanTimerID                            30C       1       1       2   .data       
     mKeyState                                  4DB       1       1       4   .bss        
     mLongKeyCount                              4DC       1       1       3   .bss        
     mSwitch_SCAN                               4DD       2       2       3   .bss        
     mpfKeyFunction                             4DF       3       3       4   .bss        
     pressedKey                                 61D       1       1       4   .common     
MODULE:                 -- IIC_c.obj --
- PROCEDURES:
     IIC_ModuleInit                            6FFC      28      40       2   .text       
     IIC_Bus_Reset                             7024     108     264       2   .text       
     IIC_RegWrite                              712C      20      32       8   .text       
     IIC_RegRead                               714C      32      50       2   .text       
     IIC_CycleWrite                            717E      6A     106      26   .text       
     IIC_CycleRead                             71E8      6E     110      14   .text       
     IIC_RegReadN                              7256      4C      76       2   .text       
     IIC_Start                                 72A2      34      52       6   .text       
     IIC_Stop                                  72D6      2E      46       2   .text       
     IIC_RepeatStart                           7304      34      52       4   .text       
     IIC_StopRead                              7338      30      48       4   .text       
     IIC_Isr                                   4166     157     343       3   NON_BANKED  
- VARIABLES:
     maIIcRxBuf                                 4E2      20      32       1   .bss        
     mIIcRxBufLeadingIndex                      502       1       1       5   .bss        
     mIIcRxBufTrailingIndex                     503       1       1       4   .bss        
     pfIIcSlaveRxCallBack                       504       3       3       3   .bss        
     pfIIcMasterRxCallBack                      507       3       3       3   .bss        
     pfIIcMasterTxCallBack                      50A       3       3       5   .bss        
     mIICMasterOp                               50D       4       4      13   .bss        
     timeout                                    511       2       2      26   .bss        
     gIIcTaskId                                 61E       1       1       5   .common     
     mIIcRxBufferByteCount                      61F       1       1       3   .common     
MODULE:                 -- FunctionLib_c.obj --
- PROCEDURES:
     FLib_MemCpy                               7368      1D      29     144   .text       
     FLib_MemCpyDir                            7385      1E      30       2   .text       
     FLib_MemInPlaceCpy                        73A3      49      73      12   .text       
     FLib_MemCpyReverseOrder                   73EC      2B      43      16   .text       
     FLib_MemCmp                               7417      2D      45      28   .text       
     FLib_Cmp2Bytes                            7444      1C      28       4   .text       
     FLib_MemSet                               7460      18      24      26   .text       
     FLib_AddrModeToLength                     7478       C      12      28   .text       
     FLib_AddOffsetToPointer                   7484       8       8      26   .text       
     FLib_ArrayInit                            748C       7       7       6   .text       
     FLib_ArrayLength                          7493       B      11       4   .text       
     FLib_ArraySetOffset                       749E       F      15       4   .text       
     FLib_ArrayAddArray                        74AD      1D      29      20   .text       
     FLib_ArrayAddByte                         74CA       A      10      10   .text       
- VARIABLES:
     pmaFlibArrayBase                           513       2       2       4   .bss        
     pmaFlibArray                               515       2       2       7   .bss        
MODULE:                 -- NV_Data_c.obj --
- PROCEDURES:
- VARIABLES:
     gFreescaleVersionStrings                  FF50      22      34       1   FREESCALE_PROD_DATA
     gHardwareParameters                       FF72      2C      44      10   FREESCALE_PROD_DATA
MODULE:                 -- PlatformInit_c.obj --
- PROCEDURES:
     PlatformPortInit                          74D4      2A      42       2   .text       
     Platform_Init                             74FE      1C      28       2   .text       
     Init_802_15_4                             751A      30      48       2   .text       
- VARIABLES:
MODULE:                 -- crt0_c.obj --
- PROCEDURES:
     loadByte                                  5DB1       E      14       5   .init       
     Init                                      5DBF      40      64       1   .init       
     Copy_Down                                 5DFF      3F      63       1   .init       
     Finish                                    5E3E      2B      43       1   .init       
     _Startup                                  5E69      36      54       1   .init       
- VARIABLES:
     _startupData                              2080       C      12       6   .startData  
     pStack                                     D18       2       2       2   _STARTUP    
     none_volatile_struct                      FFB0      10      16       1   NV_REGISTERS_SECTION
- LABELS:
     __SEG_START_SSTACK                         100       0       0       1               
     __SEG_END_SSTACK                           300       0       0       2               
MODULE:                 -- dummyisr_c.obj --
- PROCEDURES:
     Default_Dummy_ISR                         42BD       4       4      21   NON_BANKED  
- VARIABLES:
MODULE:                 -- icg_c.obj --
- PROCEDURES:
     PowerManager_WaitForPowerUp               754A      16      22       2   .text       
- VARIABLES:
MODULE:                 -- isrvectors_c.obj --
- PROCEDURES:
- VARIABLES:
     Reset_vector                              5DAF       2       2       1   RESET_VECTOR_SECTION
     ISR_vectors                               FFC0      3E      62       1   IRQ_VECTOR_SECTION
MODULE:                 -- PhyISR_c.obj --
- PROCEDURES:
     DummyIsr                                  42C1       1       1       2   NON_BANKED  
     PhyPassRxParams                           42C2       4       4       5   NON_BANKED  
     PhyISR_SeqCleanup                         42C6       F      15       9   NON_BANKED  
     PhyISR_TimeoutCleanup                     42D5      13      19       2   NON_BANKED  
     Phy_LqiConvert                            42E8      25      37       2   NON_BANKED  
     Phy_GetEnergyLevel                        430D      16      22       1   NON_BANKED  
     PhyHandlerTx_ISR                          4323      BA     186       3   NON_BANKED  
     PhyHandlerRx_ISR                          43DD      B6     182       3   NON_BANKED  
     PhyHandlerTmr_ISR                         4493      4A      74       1   NON_BANKED  
     PhyHandlerRxWtrmrk_ISR                    44DD       9       9       1   NON_BANKED  
- VARIABLES:
     pTimer1Isr                                 30D       3       3       4   .data       
     pfPhyRxTxEndCallback                       517       3       3       9   .bss        
     mpRxParams                                 51A       2       2       5   .bss        
     mPhyLastRxLQI                              620       1       1       1   .common     
MODULE:                 -- PhyPacketProcessor_c.obj --
- PROCEDURES:
     PhyInit                                   44E6      A8     168       2   NON_BANKED  
     PhyPpSetPromiscuous                       458E      16      22       2   NON_BANKED  
     PhyAbort                                  45A4      4C      76       5   NON_BANKED  
     PhyPpSetPanId                             45F0       7       7       8   NON_BANKED  
     PhyPpSetShortAddr                         45F7       7       7       6   NON_BANKED  
     PhyPpSetLongAddr                          45FE      28      40       1   NON_BANKED  
     PhyPpSetMacRole                           4626       8       8       3   NON_BANKED  
     PhyPpSetCcaThreshold                      462E       4       4       2   NON_BANKED  
     PhyPpIsTxAckDataPending                   4632       8       8       1   NON_BANKED  
     PhyPpIsRxAckDataPending                   463A       8       8       2   NON_BANKED  
     PhyPpIsPollIndication                     4642       8       8       1   NON_BANKED  
     PhyPp_AddToIndirect                       464A      7A     122       1   NON_BANKED  
     PhyPp_RemoveFromIndirect                  46C4       8       8       2   NON_BANKED  
     PhyGetRandomNo                            46CC      9C     156       2   NON_BANKED  
- VARIABLES:
     i                                          621       1       1       3   .common     
MODULE:                 -- PhyPlmeData_c.obj --
- PROCEDURES:
     PhyPdDataRequest                          4768      7E     126       2   NON_BANKED  
     PhyPlmeRxRequest                          47E6      37      55       1   NON_BANKED  
     PhyPlmeCcaEdRequest                       481D      39      57       2   NON_BANKED  
     PhyPlmeSetCurrentChannelRequest           4856      47      71       2   NON_BANKED  
     PhyPlmeSetPwrLevelRequest                 489D      35      53       1   NON_BANKED  
- VARIABLES:
     gPhyCurrentChannel                         310       1       1       1   .data       
     pwrOutIAR10                                311       F      15       1   .data       
     pwrOutIAR11                                320       F      15       1   .data       
     pwrOutIAR20                                32F       F      15       1   .data       
     pwrOutCtrl                                 33E       F      15       1   .data       
     pfPhyRxTxStartCallback                     51C       3       3       8   .bss        
MODULE:                 -- PhyTime_c.obj --
- PROCEDURES:
     PhyTimeSetEventTrigger                    48D2       B      11       4   NON_BANKED  
     PhyTimeSetEventTimeout                    48DD      15      21       7   NON_BANKED  
     PhyTimeDisableEventTimeout                48F2       8       8       6   NON_BANKED  
     PhyTimeReadClock                          48FA       E      14      15   NON_BANKED  
- VARIABLES:
MODULE:                 -- UartUtil_c.obj --
- PROCEDURES:
     UartUtil_TxCallback                       7560       5       5       6   .text       
     UartUtil_TxCallbackPaged                  A07D       1       1       2   PAGED_ROM   
     UartUtil_Tx                              2B39F      27      39       2   PPAGE_2_3   
     UartUtil_Print                           2B3C6      56      86      30   PPAGE_2_3   
     HexToAscii                               2B41C      10      16       4   PPAGE_2_3   
     UartUtil_PrintHex                        2B42C      E8     232      30   PPAGE_2_3   
- VARIABLES:
MODULE:                 -- MApp_c.obj --
- PROCEDURES:
     count_timer                               7565       5       5       2   .text       
     MApp_init                                 756A      95     149       2   .text       
     AppTask                                   75FF     34C     844      86   .text       
     UartRxCallBack                            794B      1B      27       2   .text       
     App_HandleMlmeInput                       7966      16      22       2   .text       
     Router_HandleMlmeInput                    797C      44      68       2   .text       
     Router_SendAssociateResponse              79C0      BC     188      12   .text       
     Router_TransmitUartData                   7A7C      C1     193       6   .text       
     App_StartScan                             7B3D      5D      93      12   .text       
     App_HandleScanActiveConfirm               7B9A     156     342       5   .text       
     App_SendAssociateRequest                  7CF0      7E     126      10   .text       
     App_HandleAssociateConfirm                7D6E      6F     111       2   .text       
     Router_HandleMcpsInput                    7DDD      99     153      16   .text       
     App_WaitMsg                               7E76      10      16      10   .text       
     App_TransmitSensorData                    C000     1BA     442      34   APP_CODE_2_0
     GenandTransData                           C1BA      AB     171       6   APP_CODE_2_0
     App_HandleGenericKey                      C265      30      48       2   APP_CODE_2_0
     App_HandleKeys                            C295       5       5       2   APP_CODE_2_0
     MLME_NWK_SapHandler                       C29A      1E      30       8   APP_CODE_2_0
     MCPS_NWK_SapHandler                       C2B8      1E      30      12   APP_CODE_2_0
     ASP_APP_SapHandler                        C2D6       6       6       2   APP_CODE_2_0
     App_StartRooter                           C2DC      B6     182      11   APP_CODE_2_0
     App_HandleScanEdConfirm                   C392      B7     183      12   APP_CODE_2_0
- VARIABLES:
     maShortAddress                            5360       2       2       4   .rodata     
     maPanId                                   5362       2       2       3   .rodata     
     STRING...Press.any.switch.o.2             5485      40      64       1   .rodata1    
     STRING.Received.an.MLME.Bea.3             54C5      2C      44       1   .rodata1    
     STRING...MyWirelessApp.Demo.4             54F1      51      81       1   .rodata1    
     STRING.Start.scanning.for.a.5             5542      27      39       1   .rodata1    
     STRING.Found.a.coordinator..6             5569      35      53       1   .rodata1    
     STRING......................7             559E      35      53       1   .rodata1    
     STRING...Address............8             55D3      18      24       1   .rodata1    
     STRING...PAN.ID.............9             55EB      18      24       1   .rodata1    
     STRING...Logical.Channel....10            5603      18      24       1   .rodata1    
     STRING...Beacon.Spec........11            561B      18      24       1   .rodata1    
     STRING...Link.Quality.......12            5633      18      24       1   .rodata1    
     STRING......13                            564B       5       5       1   .rodata1    
     STRING.Scan.did.not.find.a..14            5650      2B      43       1   .rodata1    
     STRING.Associating.to.PAN.c.15            567B      2D      45       1   .rodata1    
     STRING.Successfully.associa.16            56A8      30      48       1   .rodata1    
     STRING.We.were.assigned.the.17            56D8      26      38       1   .rodata1    
     STRING.....Ready.to.send.an.18            56FE      36      54       1   .rodata1    
     STRING...Switch.Role.to.Roo.19            5734      1A      26       1   .rodata1    
     STRING...Switch.Role.to.End.20            574E      1E      30       1   .rodata1    
     STRING...Associate.Confirm..21            576C      2E      46       1   .rodata1    
     STRING..MyWirelessApp.Demo..22            579A      51      81       1   .rodata1    
     STRING.Initiating.the.Energ.23            57EB      27      39       1   .rodata1    
     STRING...Starting.as.PAN.Ro.24            5812      27      39       1   .rodata1    
     STRING....25                              5839       3       3       1   .rodata1    
     STRING.Started.the.Rooter.w.26            583C      22      34       1   .rodata1    
     STRING...and.short.address..27            585E      17      23       1   .rodata1    
     STRING......Ready.to.send.a.28            5875      37      55       1   .rodata1    
     STRING.Received.an.MLME.Ass.29            58AC      35      53       1   .rodata1    
     STRING.Received.an.MLME.Com.30            58E1      41      65       1   .rodata1    
     STRING.Sending.the.MLME.Ass.32            5922      3A      58       1   .rodata1    
     STRING.Done...33                          595C       7       7       1   .rodata1    
     STRING.Invalid.parameter....34            5963      15      21       1   .rodata1    
     STRING.Message.allocation.f.35            5978      1D      29       1   .rodata1    
     STRING.Sending.the.MLME.Sca.86            5995      34      52       1   .rodata1    
     STRING.Done...87                          59C9       7       7       1   .rodata1    
     STRING.Invalid.parameter....88            59D0      15      21       1   .rodata1    
     STRING.Message.allocation.f.89            59E5      1D      29       1   .rodata1    
     STRING.Sending.the.MLME.Ass.90            5A02      39      57       1   .rodata1    
     STRING.Done...91                          5A3B       7       7       1   .rodata1    
     STRING.Invalid.parameter....92            5A42      15      21       1   .rodata1    
     STRING.Message.allocation.f.93            5A57      2A      42       1   .rodata1    
     STRING.Source.NW.Addr....94               5A81      12      18       1   .rodata1    
     STRING....95                              5A93       3       3       1   .rodata1    
     STRING.Data.MMA8652.2g..Int.96            5A96      2D      45       1   .rodata1    
     STRING...1024..g...Y.axis...97            5AC3      18      24       1   .rodata1    
     STRING...1024..g...Z.axis...98            5ADB      18      24       1   .rodata1    
     STRING...1024..g....99                    5AF3       D      13       1   .rodata1    
     STRING......................104           5B00      34      52       1   .rodata1    
     STRING.MMA8652.2g..Int2.Flo.105           5B34      28      40       1   .rodata1    
     STRING...1024..g...Y.axis...106           5B5C      18      24       1   .rodata1    
     STRING...1024..g...Z.axis...107           5B74      18      24       1   .rodata1    
     STRING.................108                5B8C      10      16       1   .rodata1    
     STRING...1024..g..109                     5B9C       B      11       1   .rodata1    
     STRING......................110           5BA7      34      52       1   .rodata1    
     STRING..................Ave.111           5BDB      28      40       1   .rodata1    
     STRING.MMA8652.2g..Int2.Flo.112           5C03      28      40       1   .rodata1    
     STRING...1024..g...Y.axis...113           5C2B      18      24       1   .rodata1    
     STRING...1024..g...Z.axis...114           5C43      18      24       1   .rodata1    
     STRING.................115                5C5B      10      16       1   .rodata1    
     STRING...1024..g..116                     5C6B       B      11       1   .rodata1    
     STRING......................117           5C76      26      38       1   .rodata1    
     STRING.Sending.the.MLME.Sta.182           5C9C      35      53       1   .rodata1    
     STRING.Done...183                         5CD1       7       7       1   .rodata1    
     STRING.Invalid.parameter....184           5CD8      15      21       1   .rodata1    
     STRING.Message.allocation.f.185           5CED      1D      29       1   .rodata1    
     STRING.Received.the.MLME.Sc.186           5D0A      36      54       1   .rodata1    
     STRING.ED.scan.returned.the.187           5D40      2D      45       1   .rodata1    
     STRING.......188                          5D6D       6       6       1   .rodata1    
     STRING.Based.on.the.ED.scan.189           5D73      2C      44       1   .rodata1    
     STRING..was.selected...190                5D9F      10      16       1   .rodata1    
     mTimerID                                   34D       1       1       1   .data       
     MMA8652_start_flag                         51F       1       1       3   .bss        
     keysReceived.85                            520       1       1       6   .bss        
     sens_count.178                             521       1       1       3   .bss        
     x_avg.179                                  522       2       2       4   .bss        
     y_avg.180                                  524       2       2       4   .bss        
     z_avg.181                                  526       2       2       4   .bss        
     global_counter                             528       1       1       3   .bss        
     mLogicalChannel                            529       1       1       5   .bss        
     maDeviceShortAddress                       52A       2       2       1   .bss        
     maDeviceLongAddress                        52C       8       8       1   .bss        
     mpPacket                                   534       2       2      19   .bss        
     mMsduHandle                                536       1       1       4   .bss        
     mcPendingPackets                           537       1       1       7   .bss        
     mCoordInfo                                 538      16      22      24   .bss        
     maMyAddress                                54E       8       8       7   .bss        
     mAddrMode                                  556       1       1       4   .bss        
     mMlmeNwkInputQueue                         557       4       4       4   .bss        
     mMcpsNwkInputQueue                         55B       4       4       4   .bss        
     count.51                                   55F       1       1       2   .bss        
     keysBuffer.84                              560      20      32       3   .bss        
     gState                                     622       1       1       7   .common     
MODULE:                 -- MApp_init_c.obj --
- PROCEDURES:
     main                                      C449      42      66       2   APP_CODE_2_0
     IdleTask                                  C48B       1       1       2   APP_CODE_2_0
     Init_MacExtendedAddress                   C48C      3A      58       2   APP_CODE_2_0
     BeeAppAssert                              C4C6       8       8       2   APP_CODE_2_0
- VARIABLES:
     gAppTaskID_c                               623       1       1      11   .common     
MODULE:                 -- MacInit_c.obj --
- PROCEDURES:
     MacInit                                   C4CE       5       5       2   APP_CODE_2_0
     TS_PlaceHolderTaskInit                    C4D3       1       1       2   APP_CODE_2_0
     MacTaskInit                               C4D4      6B     107       2   APP_CODE_2_0
- VARIABLES:
     MacTaskTable                              5364       9       9       6   .rodata     
     gMacTaskID_c                               624       1       1      24   .common     
MODULE:                 -- GlobalVars_c.obj --
- PROCEDURES:
     MM_InitMsgTracking                        C53F       1       1       2   APP_CODE_2_0
     MM_AddMsgToTrackingArray                  C540       1       1       2   APP_CODE_2_0
     MM_UpdateMsgTracking                      C541       2       2       6   APP_CODE_2_0
- VARIABLES:
     poolInfo                                  536D       9       9       1   .rodata     
     gNumAclEntryDescriptors                   5376       1       1       3   .rodata     
     pLastPool                                  34E       2       2       4   .data       
     pSecondLastPool                            350       2       2       5   .data       
     maMacHeap                                  625     3A2     930       1   .common     
     maMmPools                                  9C7      12      18       4   .common     
     gPIBaclEntryDescriptorSet                  9D9      A0     160       1   .common     
MODULE:                 -- rtshc08.o (ansibim.lib) --
- PROCEDURES:
     _PUSH_ARGS_L                              4908      20      32       2   NON_BANKED  
     _ENTER_UNARY_L                            4928      29      41       3   NON_BANKED  
     _ENTER_BINARY_L                           4951      16      22       3   NON_BANKED  
     _ENTER_BINARY_L_RC                        4967      19      25       5   NON_BANKED  
     _IDIVMOD                                  4980      69     105       1   NON_BANKED  
     _SPLITSIGN                                49E9      1C      28       2   NON_BANKED  
     _LADD_k_is_k_plus_j                       4A05      1F      31       2   NON_BANKED  
     _k_is_k_plus_j_l                          4A24      1E      30       2   NON_BANKED  
     _k_is_k_plus_j_i                          4A42      12      18       3   NON_BANKED  
     _LSUB_k_is_k_minus_j                      4A54      1F      31       1   NON_BANKED  
     _LAND_k_is_k_and_j                        4A73      1F      31       1   NON_BANKED  
     _LMUL_k_is_k_mul_j                        4A92      81     129       1   NON_BANKED  
     _LDIVMOD                                  4B13      A4     164       1   NON_BANKED  
     _LDIVU_k_is_k_div_j                       4BB7      17      23       1   NON_BANKED  
     _LCMP_k_rel_j                             4BCE      1F      31       2   NON_BANKED  
     _CMP24_k_rel_j                            4BED      1E      30       2   NON_BANKED  
     _IMUL_STAR08                              4C0B      27      39       2   NON_BANKED  
     _IDIVS_STAR08                             4C32      1B      27       1   NON_BANKED  
     _IMODS_STAR08                             4C4D      25      37       1   NON_BANKED  
     _ILSR                                     4C72       C      12       1   NON_BANKED  
     _ILSL                                     4C7E       C      12       1   NON_BANKED  
     _LINC                                     4C8A      16      22       1   NON_BANKED  
     _LADD                                     4CA0       6       6       2   NON_BANKED  
     _LADD_RC                                  4CA6       6       6      12   NON_BANKED  
     _LSUB                                     4CAC       6       6       1   NON_BANKED  
     _LAND_RC                                  4CB2       6       6       1   NON_BANKED  
     _LMUL_RC                                  4CB8       6       6       2   NON_BANKED  
     _LDIVU_RC                                 4CBE       6       6       3   NON_BANKED  
     _LLSR                                     4CC4      16      22       1   NON_BANKED  
     _LLSL                                     4CDA      16      22      20   NON_BANKED  
     _LCMP                                     4CF0       6       6      14   NON_BANKED  
     _LCMP_RC                                  4CF6       6       6       4   NON_BANKED  
     _PUSH_ARGS_24                             4CFC      18      24       2   NON_BANKED  
     _ENTER_BINARY_24_RC                       4D14      18      24       1   NON_BANKED  
     _ENTER_BINARY_24                          4D2C      15      21       1   NON_BANKED  
     _CMP24                                    4D41       5       5       1   NON_BANKED  
     _CMP24_RC                                 4D46       5       5      37   NON_BANKED  
     _COPY_L                                   4D4B      39      57       1   NON_BANKED  
     _POP32                                    4D84      1A      26      14   NON_BANKED  
     _SEXT16_32                                4D9E       D      13       5   NON_BANKED  
     _CALL_STAR08_FAR                          4DAB      2A      42      40   NON_BANKED  
     _Jump_Table_Header_Addr                   4DD5      2F      47       1   NON_BANKED  
     _PUSH_CC                                  4E04       F      15      58   NON_BANKED  
     _POP_CC                                   4E13       F      15      58   NON_BANKED  
- VARIABLES:
MODULE:                 -- PhyMacMsg_c.obj (802.15.4_MAC_FFD_S08MC1323x.Lib) --
- PROCEDURES:
     MM_Init                                   C543      8E     142       2   APP_CODE_2_0
     List_ClearAnchor                          C5D1       4       4      24   APP_CODE_2_0
     List_AddTail                              C5D5      45      69      22   APP_CODE_2_0
     List_AddHead                              C61A      3F      63      10   APP_CODE_2_0
     List_RemoveHead                           C659      2B      43      24   APP_CODE_2_0
     List_Remove                               C684      53      83       6   APP_CODE_2_0
     List_GetFirst                             C6D7      1B      27      12   APP_CODE_2_0
     List_GetNext                              C6F2      20      32      10   APP_CODE_2_0
     MM_AddToPool                              C712      20      32       2   APP_CODE_2_0
     MM_AllocPool                              C732      4A      74       2   APP_CODE_2_0
     MM_Alloc                                  C77C       8       8      52   APP_CODE_2_0
     MM_Free                                   C784      5B      91     100   APP_CODE_2_0
     MM_AllocFast                              C7DF      58      88       8   APP_CODE_2_0
     MM_SetPrivatePool                         C837      13      19       8   APP_CODE_2_0
- VARIABLES:
     gFreeMessagesCount                         A79       1       1       7   .common     
MODULE:                 -- SmApi_c.obj (802.15.4_MAC_FFD_S08MC1323x.Lib) --
- PROCEDURES:
     SmApi_UndefState                          C84A       1       1       6   APP_CODE_2_0
- VARIABLES:
MODULE:                 -- SecurityLib_c.obj (802.15.4_MAC_FFD_S08MC1323x.Lib) --
- PROCEDURES:
     CCM_XorN                                  C84B      1E      30       6   APP_CODE_2_0
     CCM_CreateAB0                             C869      24      36       6   APP_CODE_2_0
     CCM_GetBlockLength                        C88D       7       7       4   APP_CODE_2_0
     SecLib_CcmStar                            C894     273     627      11   APP_CODE_2_0
- VARIABLES:
MODULE:                 -- SecurityApply_c.obj (802.15.4_MAC_FFD_S08MC1323x.Lib) --
- PROCEDURES:
     Sec_ApplyRxSecurity                       CB07     318     792      12   APP_CODE_2_0
     Sec_ApplyTxSecurity                       CE1F     232     562       6   APP_CODE_2_0
     Sec_TraverseBeacon                        D051      29      41       4   APP_CODE_2_0
     Sec_SecLevelToIntLength                   D07A      11      17       4   APP_CODE_2_0
- VARIABLES:
MODULE:                 -- SecurityControl_c.obj (802.15.4_MAC_FFD_S08MC1323x.Lib) --
- PROCEDURES:
     Sec_SecuredModeRx                         D08B      A6     166       2   APP_CODE_2_0
     Sec_SecuredModeTx                         D131      5C      92       2   APP_CODE_2_0
     Sec_DetermineRxSecurityEntry              D18D      94     148       4   APP_CODE_2_0
     Sec_DetermineTxSecurityEntry              D221      46      70       2   APP_CODE_2_0
     Sec_FindAddress                           D267      AE     174      13   APP_CODE_2_0
- VARIABLES:
     srcAddrIndexTable.1                       5377       4       4       1   .rodata     
MODULE:                 -- PacketManager_c.obj (802.15.4_MAC_FFD_S08MC1323x.Lib) --
- PROCEDURES:
     MacTimerHandler                           D315       B      11       4   APP_CODE_2_0
     PacMan_CheckExpiredPackets                D320      76     118       2   APP_CODE_2_0
     PacMac_Init                               D396      1F      31       2   APP_CODE_2_0
     PacMan_SetDirectRouteFlag                 D3B5      86     134       2   APP_CODE_2_0
     PacMan_AddToDirectQueue                   D43B      22      34       2   APP_CODE_2_0
     PacMan_AddToDirectQueueHead               D45D      34      52      18   APP_CODE_2_0
     PacMan_GetFromDirectQueue                 D491      1D      29       6   APP_CODE_2_0
     PacMan_IsDirectDataPending                D4AE       B      11       2   APP_CODE_2_0
     PacMan_GetFromIndirectQueue               D4B9      CA     202       4   APP_CODE_2_0
     PacMan_AddToIndirectQueue                 D583      F7     247       2   APP_CODE_2_0
     PacMan_AddToIndirectQueueHead             D67A      90     144       4   APP_CODE_2_0
     PacMan_PurgeAfterSeqAction                D70A      45      69       6   APP_CODE_2_0
     PacMan_Purge                              D74F      38      56       2   APP_CODE_2_0
     AddTransactionExpireTimeToPacket          D787      CC     204       2   APP_CODE_2_0
     PacMan_PurgeFromQueue                     D853     17A     378      12   APP_CODE_2_0
     PacMan_CheckForExpired                    D9CD      94     148       4   APP_CODE_2_0
     PacMan_ExpirePacket                       DA61      43      67       4   APP_CODE_2_0
     PacManToPp_AddToIndirect                  DAA4      63      99       4   APP_CODE_2_0
     PacManToPp_RemoveFromIndirect             DB07      3E      62       6   APP_CODE_2_0
     PacManToPp_ClearHwIndirect                DB45      18      24       2   APP_CODE_2_0
- VARIABLES:
     mPacManDirectPackets_D2C                   A7A       4       4       6   .common     
     mPacManDirectPackets_C2D                   A7E       4       4       5   .common     
     mPacManIndirectPackets                     A82       4       4      14   .common     
     mPacManGuardPacket                         A86       1       1       9   .common     
     gpPacketToPurge                            A87       2       2       4   .common     
     mPpIndirectQueueAddr                       A89      18      24       9   .common     
MODULE:                 -- PacketLib_c.obj (802.15.4_MAC_FFD_S08MC1323x.Lib) --
- PROCEDURES:
     PacLib_IsCoordRealignOnOrphan             DB5D      1C      28       2   APP_CODE_2_0
     PacLib_IsGtsRequest                       DB79      1E      30       2   APP_CODE_2_0
     PacLib_CreateZeroLengthDataPacket         DB97      EC     236       3   APP_CODE_2_0
     PacLib_CreatePollPacket                   DC83      D1     209       9   APP_CODE_2_0
     PacLib_CreateBeaconPacket                 DD54     152     338       5   APP_CODE_2_0
- VARIABLES:
     gPacLibUseSecurity                         580       1       1       2   .bss        
MODULE:                 -- MacPib_c.obj (802.15.4_MAC_FFD_S08MC1323x.Lib) --
- PROCEDURES:
     MPIB_Init                                 DEA6      AE     174       3   APP_CODE_2_0
     MPIB_GetPointer                           DF54      93     147       6   APP_CODE_2_0
     FLib_ArrayAddPibAttribute                 DFE7       F      15      16   APP_CODE_2_0
     MPIB_SecAclEntry                          DFF6       F      15      12   APP_CODE_2_0
     MPIB_SecMaterial                          E005       7       7       4   APP_CODE_2_0
- VARIABLES:
     gMacPibOffsetTable                        537B      17      23       2   .rodata     
     gMacPibSecurityOffsetTable                5392       9       9       2   .rodata     
     gMacPibAclDescriptorOffsetTable           539B       7       7       2   .rodata     
     gMacVendorPibOffsetTable                  53A2       9       9       2   .rodata     
     gMacPib                                    AA1      82     130     236   .common     
MODULE:                 -- MacConst_c.obj (802.15.4_MAC_FFD_S08MC1323x.Lib) --
- PROCEDURES:
- VARIABLES:
     aMaxFrameRetries                           352       1       1       5   .data       
     aExtendedAddress                           B23       8       8      17   .common     
MODULE:                 -- ClockManager_c.obj (802.15.4_MAC_FFD_S08MC1323x.Lib) --
- PROCEDURES:
     CM_InitOnStartup                          E00C      23      35       2   APP_CODE_2_0
     CM_TimingIsVeryCritical                   E02F       C      12      10   APP_CODE_2_0
     CM_TimingIsCritical                       E03B       C      12       6   APP_CODE_2_0
     CM_MoveTimeToBackoff24                    E047      3E      62       8   APP_CODE_2_0
     CM_GetRandomBackoff                       E085      34      52       4   APP_CODE_2_0
     CM_ResetClock                             E0B9      15      21      16   APP_CODE_2_0
     CM_ResetClockRel                          E0CE      45      69       4   APP_CODE_2_0
     CM_SetNextClockBoundary                   E113      10      16      44   APP_CODE_2_0
     CM_SetCurClock                            E123      33      51      18   APP_CODE_2_0
- VARIABLES:
     mCMBackoff                                 353       1       1       3   .data       
     mCM_ClockOffset                            581       4       4      38   .bss        
     mCM_CurrentClock                           585       4       4      36   .bss        
     mCM_CurrentClockAbs                        589       4       4      15   .bss        
     mCM_TimeNeededInNextCAP                    58D       2       2      19   .bss        
     mCM_WaitTime                               58F       2       2      12   .bss        
     aMinSetupTime_s                            B2B       1       1      18   .common     
     aMinSetupTimeCritical_s                    B2C       1       1       2   .common     
     aMinSetupTimeVeryCritical_s                B2D       1       1       2   .common     
     mCM_DelayUntilNextAction                   B2E       1       1       8   .common     
     mCM_NextClockBoundary                      B2F       4       4      51   .common     
     mCM_BleEndTime                             B33       4       4      13   .common     
     CM_RandomBackoff                           B37       2       2       4   .common     
     mEnableCriticalTiming                      B39       1       1       5   .common     
MODULE:                 -- AsmDriver_c.obj (802.15.4_MAC_FFD_S08MC1323x.Lib) --
- PROCEDURES:
     Asm_Init                                  E156      3C      60       2   APP_CODE_2_0
     Asm_AesEncryptDecrypt                     E192      22      34       8   APP_CODE_2_0
     Asm_Ccm                                   E1B4     148     328       4   APP_CODE_2_0
- VARIABLES:
MODULE:                 -- MacSeqMC1323X_c.obj (802.15.4_MAC_FFD_S08MC1323x.Lib) --
- PROCEDURES:
     ResetSequencer                            E2FC      2A      42       6   APP_CODE_2_0
     MacSeqInit                                E326       A      10       2   APP_CODE_2_0
     SeqErrorStateLower                        E330       1       1       2   APP_CODE_2_0
     IsCurrentActionAutoRx                     4E22       D      13       3   NON_BANKED  
     IsCurrentActionExtRx                      4E2F       D      13       1   NON_BANKED  
     SeqPassCompleteToMem                      4E3C      12      18       8   NON_BANKED  
     SeqIsrCompletedInErrorState               4E4E      38      56       2   NON_BANKED  
     SeqGenerateError                          4E86       D      13       2   NON_BANKED  
     SeqSendActionCompleteToMem                4E93      64     100       2   NON_BANKED  
     SeqInjectEventToSubComponent              4EF7      52      82       8   NON_BANKED  
     SeqFinishActionReq                        4F49      50      80       1   NON_BANKED  
     SeqActionReq                              4F99      1A      26       1   NON_BANKED  
     PhyPdDataConfirm                          4FB3      12      18       2   NON_BANKED  
     PhyPdDataIndication                       4FC5      12      18       1   NON_BANKED  
     PhyPlmeCcaConfirm                         4FD7      24      36       3   NON_BANKED  
     PhyPlmeEdConfirm                          4FFB       A      10       1   NON_BANKED  
     PhyPlmeSyncLossIndication                 5005      1D      29       4   NON_BANKED  
     PhyTimeRxTimeoutIndication                5022      4A      74       6   NON_BANKED  
     PhyTimeStartEventIndication               506C       5       5       1   NON_BANKED  
- VARIABLES:
     pCurrentSeqAction                          B3A       2       2      54   .common     
     mpPendingSeqMemCompletion                  B3C       1       1       5   .common     
     mSeqSubComponentStateMachine               B3D       4       4      71   .common     
     mBufferedError                             B41       1       1       3   .common     
     mpSeqRxData                                B42       2       2      42   .common     
     mMacRxMask                                 B44       1       1       4   .common     
     gSeqInErrorState                           B45       1       1       1   .common     
     gSeqGotDataIndication                      B46       1       1       5   .common     
     gPendingSeqMemActionFinished               B47       1       1       4   .common     
MODULE:                 -- SeqRxMC1323X_c.obj (802.15.4_MAC_FFD_S08MC1323x.Lib) --
- PROCEDURES:
     SeqWaitRxBuffer                           E331      57      87       4   APP_CODE_2_0
     SeqWaitRxConfirm                          E388     119     281      15   APP_CODE_2_0
     SeqWaitTimeout                            E4A1      1C      28       4   APP_CODE_2_0
     SeqWaitEdConfirm                          E4BD      1B      27       2   APP_CODE_2_0
     ContinueOrCompleteRx                      5071      25      37       2   NON_BANKED  
     RestartRxOrTimeout                        5096      22      34       3   NON_BANKED  
     RestartRx                                 50B8      5F      95       2   NON_BANKED  
     GenerateAck                               5117      15      21       1   NON_BANKED  
     SeqMacRxFilter                            512C     11C     284       5   NON_BANKED  
     SeqPanIdConflictDetected                  5248       D      13       1   NON_BANKED  
     SeqRx_PhyPlmeRxRequest                    5255      10      16       6   NON_BANKED  
- VARIABLES:
     frmCtrlTable                              53AB      10      16       1   .rodata     
     repeaterPromMatchOn                        591       1       1       2   .bss        
     mCurrentClock                              592       4       4       3   .bss        
     dstsrc                                     596       1       1       1   .bss        
     dst                                        597       1       1       1   .bss        
     src                                        598       1       1       1   .bss        
     frameControlLow                            599       1       1       3   .bss        
     mDstLen                                    59A       1       1       3   .bss        
     mSrcLen                                    59B       1       1       5   .bss        
     mFrameType                                 59C       1       1       2   .bss        
     ackedFrameHead                             B48       3       3       2   .common     
     notifiedTask                               B4B       1       1       1   .common     
     notificationEvent                          B4C       2       2       1   .common     
     gRxTimeStamp24                             B4E       4       4       5   .common     
     gRxTimeStamp                               B52       2       2       1   .common     
     mPhyRxParams                               B54       5       5       2   .common     
     seqToPhySavedRxPtr                         B59       2       2       2   .common     
     startAckClock                              B5B       4       4       4   .common     
     mAckFrame                                  B5F       4       4       3   .common     
MODULE:                 -- SeqSubMainMC1323X_c.obj (802.15.4_MAC_FFD_S08MC1323x.Lib) --
- PROCEDURES:
     SeqSubCompIdleState                       E4D8     129     297      43   APP_CODE_2_0
- VARIABLES:
     cccaSetPending                             59D       1       1       4   .bss        
     gCurrentPALevel                            B63       1       1       1   .common     
     gpaPowerLevelLimits                        B64       2       2       1   .common     
MODULE:                 -- SeqTxMC1323X_c.obj (802.15.4_MAC_FFD_S08MC1323x.Lib) --
- PROCEDURES:
     SeqWaitTxConfirm                          E601     1CE     462      20   APP_CODE_2_0
     SetupTxCompleteClock                      5265      B8     184       2   NON_BANKED  
     SeqTx_PhyPdDataReq                        531D      43      67       3   NON_BANKED  
- VARIABLES:
     seqToPhySavedTxPtr                         B66       2       2       7   .common     
     gLowLatencyTX                              B68       1       1       5   .common     
     completeCCAClock                           B69       4       4       3   .common     
     startCcca                                  B6D       4       4       3   .common     
     endCcca                                    B71       4       4       3   .common     
     difCcca                                    B75       2       2       1   .common     
     mRxOnTxParams                              B77       5       5       2   .common     
MODULE:                 -- MlmeStart_c.obj (802.15.4_MAC_FFD_S08MC1323x.Lib) --
- PROCEDURES:
     MlmeStart_Init                            E7CF      C1     193       4   APP_CODE_2_0
     MlmeStart_Finish                          E890      1B      27       6   APP_CODE_2_0
     MlmeStartWaitTxResult                     E8AB      48      72       2   APP_CODE_2_0
- VARIABLES:
MODULE:                 -- MlmeScan_c.obj (802.15.4_MAC_FFD_S08MC1323x.Lib) --
- PROCEDURES:
     MlmeScan_InitScan                         E8F3      F4     244       2   APP_CODE_2_0
     MlmeScan_StartScan                        E9E7      7B     123       8   APP_CODE_2_0
     MlmeScan_ProcessBeacon                    EA62     141     321       6   APP_CODE_2_0
     MlmeScan_StoreOrphanResult                EBA3      44      68       2   APP_CODE_2_0
     MlmeEdScan                                EBE7      61      97       2   APP_CODE_2_0
     MlmeActivePassiveScan                     EC48      97     151       4   APP_CODE_2_0
     MlmeOrphanScan                            ECDF      7E     126       2   APP_CODE_2_0
- VARIABLES:
     mScanChannels                              59E       3       3       7   .bss        
     mChannelMask                               5A1       1       1      10   .bss        
     mCurrentMask                               5A2       1       1       7   .bss        
     mScanDuration                              5A3       1       1       4   .bss        
     mScanChannel                               5A4       1       1       2   .bss        
     mScanType                                  5A5       1       1       6   .bss        
     mPanIdBackup                               5A6       2       2       5   .bss        
     mResultListSize                            5A8       1       1       9   .bss        
     mpScanResults                              5A9       2       2      14   .bss        
     mResultsForCurrentBlock                    5AB       1       1       5   .bss        
     mpDescriptorsBlock                         5AC       2       2       5   .bss        
     gMlmeScan_CheckBeacon                      B7C       1       1       8   .common     
     gMlmeScan_CurrentChannel                   B7D       1       1      10   .common     
     gMlmeScan_FastEd                           B7E       1       1       4   .common     
MODULE:                 -- MlmePanIdConflict_c.obj (802.15.4_MAC_FFD_S08MC1323x.Lib) --
- PROCEDURES:
     MlmePanIdConflictDetected                 ED5D      26      38       2   APP_CODE_2_0
- VARIABLES:
MODULE:                 -- MlmeInputHandler_c.obj (802.15.4_MAC_FFD_S08MC1323x.Lib) --
- PROCEDURES:
     MlmeIh_Init                               ED83       E      14       2   APP_CODE_2_0
     MlmeIh_ReuseNwkMsgForMem                  ED91       D      13       2   APP_CODE_2_0
     MlmeIh_ReuseMemMsgForNwk                  ED9E       D      13      16   APP_CODE_2_0
     MlmeIh_ParseFrameHeader                   EDAB      A3     163      14   APP_CODE_2_0
     MlmeIh_ParseCommandFrame                  EE4E      93     147       2   APP_CODE_2_0
     MlmeIh_ProcessBeaconFrame                 EEE1     1D8     472       6   APP_CODE_2_0
     MlmeIh_ProcessPendingAddressList          F0B9      A8     168       2   APP_CODE_2_0
     MlmeIh_BuildPanDescriptor                 F161      E0     224       2   APP_CODE_2_0
     MlmeIh_ProcessPurgeRequest                F241      2F      47       2   APP_CODE_2_0
     MlmeIh_ProcessMemTxCnf                    F270      8D     141       2   APP_CODE_2_0
     MlmeIh_ProcessRemoteDataRequest           F2FD      92     146       2   APP_CODE_2_0
     MlmeIh_ProcessPollConfirm                 F38F     14B     331       2   APP_CODE_2_0
     MlmeIh_ProcessBeaconRequest               F4DA      49      73       2   APP_CODE_2_0
     MlmeIh_PreProcessMemMessage               F523      EB     235       5   APP_CODE_2_0
- VARIABLES:
     hdrOffset                                 53BB       4       4       1   .rodata     
     remoteFrameDescOffsets                    53BF       9       9       1   .rodata     
     remoteFrameDesc                           53C8       D      13       1   .rodata     
     mpMlmeIhPendingNwkMsg                      B7F       2       2      36   .common     
     mpMlmeIhPendingMemMsg                      B81       2       2      34   .common     
     gMlmeCurrentMacFrameHeader                 B83      16      22      20   .common     
     gAutoPollAllowed                           B99       1       1       7   .common     
MODULE:                 -- MlmeMain_c.obj (802.15.4_MAC_FFD_S08MC1323x.Lib) --
- PROCEDURES:
     Mlme_Init                                 F60E      80     128       2   APP_CODE_2_0
     NWK_MLME_SapHandler                       F68E      88     136      26   APP_CODE_2_0
     MEM_MLME_SapHandler                       F716      20      32      20   APP_CODE_2_0
     NWK_MCPS_SapHandler                       F736      6F     111       4   APP_CODE_2_0
     Mlme_Main                                 F7A5     173     371       2   APP_CODE_2_0
     Mlme_FreeSendPendingMsg                   F918      39      57      22   APP_CODE_2_0
     Mlme_CreateAndSendCommStatusOnRxPacket       F951      90     144       2   APP_CODE_2_0
     MlmeSm_ErroneousInput                     F9E1      24      36       6   APP_CODE_2_0
     Mlme_Reset                                FA05      31      49       2   APP_CODE_2_0
     Mlme_HandleSetGetReq                      FA36      D4     212       4   APP_CODE_2_0
     Mlme_VerifyNwkInput                       FB0A     2F1     753      34   APP_CODE_2_0
     Mlme_CheckPibAttributes                   8000     1D0     464      12   PPAGE_0_1   
     MacPhyStartTimer                          81D0       F      15       2   PPAGE_0_1   
     MacPhyStopTimer                           81DF       5       5       2   PPAGE_0_1   
     MacRxTxTimerCallBack                      81E4      49      73       2   PPAGE_0_1   
- VARIABLES:
     mPibAttributesRangeTable                  53D5      3F      63       3   .rodata     
     gMacTimerID                                354       1       1       7   .data       
     gSequencerTimerID                          355       1       1       2   .data       
     gMacRxTxPacketTimerID                      356       1       1       5   .data       
     gExpiryTimeNextService                     5AE       2       2      14   .bss        
     gExpiryTimeCurCnt                          5B0       2       2      15   .bss        
     gRxSecurityUse                             B9A       1       1       9   .common     
     gRxSecurityAclEntry                        B9B       1       1      13   .common     
     gRxSecurityFailure                         B9C       1       1       6   .common     
     gRxTxPacketCnt                             B9D       1       1       5   .common     
     gCurrentRxTxPacketCnt                      B9E       1       1       2   .common     
     mMemMlmeInputQueue                         B9F       4       4       6   .common     
     mNwkMlmeInputQueue                         BA3       4       4       5   .common     
     mNwkMcpsInputQueue                         BA7       4       4       5   .common     
MODULE:                 -- MlmeOutputHandler_c.obj (802.15.4_MAC_FFD_S08MC1323x.Lib) --
- PROCEDURES:
     MlmeOh_Init                               822D       9       9       2   PPAGE_0_1   
     MlmeOh_NwkMsg                             8236      14      20      38   PPAGE_0_1   
     MlmeOh_MemMsg                             824A      14      20      16   PPAGE_0_1   
     MlmeOh_SendNwk                            825E       F      15       2   PPAGE_0_1   
     MlmeOh_SendMem                            826D       F      15       4   PPAGE_0_1   
     MlmeOh_SendMsgToMem                       827C      74     116      16   PPAGE_0_1   
     MlmeOh_CreateCommandFrameMessage          82F0      58      88      16   PPAGE_0_1   
     MlmeOh_CreateCommandFrame                 8348     2E0     736      11   PPAGE_0_1   
- VARIABLES:
     mBroadCastAddr                            5414       2       2       9   .rodata     
     maRuleTable                               5416      13      19       1   .rodata     
     mCmdFrameDescs                            5429      58      88       2   .rodata     
     mpMlmeOhPendingNwkMsg                      BAB       2       2      51   .common     
     mpMlmeOhPendingMemMsg                      BAD       2       2      16   .common     
MODULE:                 -- MlmeSm_c.obj (802.15.4_MAC_FFD_S08MC1323x.Lib) --
- PROCEDURES:
     MlmeSm_Init                               8628      11      17       2   PPAGE_0_1   
     MlmeOrphan_SendNotification               8639      28      40       2   PPAGE_0_1   
     MlmeSm_CreateCommStatusIndication         8661      49      73       4   PPAGE_0_1   
     MlmeSm_CreateSyncLossIndication           86AA      19      25       6   PPAGE_0_1   
     MlmeSm_HandleSyncLoss                     86C3      2A      42       2   PPAGE_0_1   
     MlmeSm_HandleMemTxCnf                     86ED      F3     243       8   PPAGE_0_1   
     MlmeSmIdle                                87E0     3A6     934      69   PPAGE_0_1   
     MlmeSm_DisassociateRemovePANref           8B86      1D      29       4   PPAGE_0_1   
- VARIABLES:
     gMlmeSm                                    357       4       4      61   .data       
     startCurrentChannel                        BAF       1       1       2   .common     
MODULE:                 -- MlmeGts_c.obj (802.15.4_MAC_FFD_S08MC1323x.Lib) --
- PROCEDURES:
     MlmeGts_SendRequest                       8BA3      46      70       2   PPAGE_0_1   
     MlmeGts_ProcessPendingRequest             8BE9      6C     108       2   PPAGE_0_1   
     MlmeGts_CompleteHandler                   8C55      26      38       8   PPAGE_0_1   
     MlmeGts_SendConfirm                       8C7B      21      33       6   PPAGE_0_1   
     gtsForcedDelete                           8C9C      58      88       2   PPAGE_0_1   
     MlmeGts_ProcessRxBeaconGtsData            8CF4     131     305       6   PPAGE_0_1   
     MlmeGts_ProcessRemoteRequest              8E25      7C     124       2   PPAGE_0_1   
     gtsExpireSlot                             8EA1      A1     161       3   PPAGE_0_1   
     gtsAddToBack                              8F42      37      55       4   PPAGE_0_1   
     gtsGetStartSlot                           8F79      61      97       2   PPAGE_0_1   
     MlmeGts_GenerateGtsData                   8FDA      D7     215       6   PPAGE_0_1   
     MlmeGts_init                              90B1      34      52       4   PPAGE_0_1   
     gtsSendIndication                         90E5      3D      61      10   PPAGE_0_1   
     MlmeGts_GuardedActionHandler              9122      50      80       2   PPAGE_0_1   
     MlmeGts_CheckValidGts                     9172      F8     248       8   PPAGE_0_1   
     MlmeGts_QueueGtsFrame                     926A      14      20       2   PPAGE_0_1   
     MlmeGts_Reset                             927E      21      33       4   PPAGE_0_1   
     gtsFlushAnchor                            929F      25      37       6   PPAGE_0_1   
     gtsAllocateSlot                           92C4      6B     107       4   PPAGE_0_1   
     gtsReallocateSlot                         932F      45      69       2   PPAGE_0_1   
     gtsDeallocateSlot                         9374      76     118       8   PPAGE_0_1   
     gtsAlignSlots                             93EA     109     265      11   PPAGE_0_1   
     gtsCalculateSlotTiming                    94F3      D8     216       6   PPAGE_0_1   
     gtsCalculateSlotExpiration                95CB      1E      30       4   PPAGE_0_1   
     MemGts_GetNextSlot                        95E9      FC     252       3   PPAGE_0_1   
- VARIABLES:
     gLastCapSlot                               BB0       1       1      10   .common     
     gMlmeGtsAllocRequestSent                   BB1       1       1       8   .common     
     gMlmeGtsBeaconsRemaining                   BB2       1       1       4   .common     
     gMlmeGtsRequestedCharacteristics           BB3       1       1       7   .common     
     gMlmeGtsSecurity                           BB4       1       1       2   .common     
     gGtsData                                   BB5      17      23       4   .common     
     gGtsLen                                    BCC       1       1       5   .common     
     gGtsInfoArray                              BCD      8C     140      27   .common     
     gGtsGuardedAction                          C59       1       1      13   .common     
     gUpdateGtsData                             C5A       1       1       4   .common     
     pGtsAnchor                                 C5B       2       2       3   .common     
     gMlmeGtsAccess                             C5D       1       1      16   .common     
     gMemGtsAccess                              C5E       1       1      12   .common     
MODULE:                 -- MlmeAssociate_c.obj (802.15.4_MAC_FFD_S08MC1323x.Lib) --
- PROCEDURES:
     MlmeAssociate_SendRequest                 96E5      A4     164       2   PPAGE_0_1   
     MlmeAssociate_SendPollRequest             9789      1C      28       2   PPAGE_0_1   
     MlmeAssociate_SendIndication              97A5      3B      59       2   PPAGE_0_1   
     MlmeAssociate_SendConfirm                 97E0      55      85       4   PPAGE_0_1   
     MlmeAssociate_SendErrConfirm              9835      20      32       8   PPAGE_0_1   
     MlmeDisassociate_SendIndication           9855      2F      47       2   PPAGE_0_1   
     MlmeAssociate_HandlePollCompletion        9884      28      40       2   PPAGE_0_1   
     MlmeAssociate_SetTimer                    98AC      3C      60       8   PPAGE_0_1   
     MlmeAssociateWaitTxResult                 98E8      B4     180      11   PPAGE_0_1   
     MlmeAssociateIgnorePollConfirm            999C      16      22       2   PPAGE_0_1   
     MlmeAssociateWaitTimeout                  99B2      76     118       4   PPAGE_0_1   
- VARIABLES:
[...]
 |  |     |     |  |  |  |  
 |  |     |     |  |  |  +- _PUSH_CC             (see above)
 |  |     |     |  |  |  |  
 |  |     |     |  |  |  +- _POP_CC              (see above)
 |  |     |     |  |  |  |  
 |  |     |     |  |  |  +- FLib_AddrModeToLength (see above)
 |  |     |     |  |  |  |  
 |  |     |     |  |  |  +- FLib_MemCmp          (see above)
 |  |     |     |  |  |  |  
 |  |     |     |  |  |  +- List_Remove          (see above)
 |  |     |     |  |  |  |  
 |  |     |     |  |  |  +- PacManToPp_RemoveFromIndirect (see above)
 |  |     |     |  |  |  |  
 |  |     |     |  |  |  +- TMR_StopTimer        (see above)
 |  |     |     |  |  |  |  
 |  |     |     |  |  |  +- List_GetNext         (see above)
 |  |     |     |  |  |     
 |  |     |     |  |  +- MLME_MEM_SapHandler  (see above) (recursive dependency)
 |  |     |     |  |  |  
 |  |     |     |  |  +- PacLib_CreateZeroLengthDataPacket
 |  |     |     |  |  |  | 
 |  |     |     |  |  |  +- MM_Alloc             (see above)
 |  |     |     |  |  |  |  
 |  |     |     |  |  |  +- FLib_ArrayInit       (see above)
 |  |     |     |  |  |  |  
 |  |     |     |  |  |  +- FLib_ArraySetOffset  (see above)
 |  |     |     |  |  |  |  
 |  |     |     |  |  |  +- _PUSH_CC             (see above)
 |  |     |     |  |  |  |  
 |  |     |     |  |  |  +- _POP_CC              (see above)
 |  |     |     |  |  |  |  
 |  |     |     |  |  |  +- FLib_ArrayAddArray   (see above)
 |  |     |     |  |  |  |  
 |  |     |     |  |  |  +- FLib_AddrModeToLength (see above)
 |  |     |     |  |  |  |  
 |  |     |     |  |  |  +- FLib_ArrayLength     (see above)
 |  |     |     |  |  |     
 |  |     |     |  |  +- MlmeOh_SendMsgToMem  (see above) (recursive dependency)
 |  |     |     |  |     
 |  |     |     |  +- MlmeIh_ProcessPollConfirm
 |  |     |     |  |  | 
 |  |     |     |  |  +- _PUSH_CC             (see above)
 |  |     |     |  |  |  
 |  |     |     |  |  +- _POP_CC              (see above)
 |  |     |     |  |  |  
 |  |     |     |  |  +- MM_Free              (see above)
 |  |     |     |  |  |  
 |  |     |     |  |  +- List_AddHead         (see above)
 |  |     |     |  |  |  
 |  |     |     |  |  +- PacLib_CreatePollPacket (see above)
 |  |     |     |  |  |  
 |  |     |     |  |  +- MlmeOh_SendMsgToMem  (see above) (recursive dependency)
 |  |     |     |  |     
 |  |     |     |  +- MlmeIh_ProcessMemTxCnf
 |  |     |     |     | 
 |  |     |     |     +- PacMan_AddToIndirectQueueHead (see above) (recursive dependency)
 |  |     |     |     |  
 |  |     |     |     +- MM_Free              (see above)
 |  |     |     |     |  
 |  |     |     |     +- PacMan_PurgeAfterSeqAction (see above)
 |  |     |     |     |  
 |  |     |     |     +- SendDataCnf          (see above)
 |  |     |     |        
 |  |     |     +- Mlme_FreeSendPendingMsg (see above) (recursive dependency)
 |  |     |     |  
 |  |     |     +- Mcps_ConvertNwkMsg  
 |  |     |     |  | 
 |  |     |     |  +- _PUSH_CC             (see above)
 |  |     |     |  |  
 |  |     |     |  +- _POP_CC              (see above)
 |  |     |     |  |  
 |  |     |     |  +- FLib_MemCpy          (see above)
 |  |     |     |  |  
 |  |     |     |  +- MlmeOh_CreateCommandFrame (see above)
 |  |     |     |  |  
 |  |     |     |  +- MlmeGts_CheckValidGts
 |  |     |     |  |    
 |  |     |     |  +- SendDataCnf          (see above)
 |  |     |     |  |  
 |  |     |     |  +- FLib_MemInPlaceCpy   (see above)
 |  |     |     |  |  
 |  |     |     |  +- MlmeOh_SendMsgToMem  (see above) (recursive dependency)
 |  |     |     |     
 |  |     |     +- MlmeIh_ProcessPurgeRequest
 |  |     |     |  | 
 |  |     |     |  +- PacMan_Purge        
 |  |     |     |  |  | 
 |  |     |     |  |  +- PacMan_PurgeFromQueue
 |  |     |     |  |     | 
 |  |     |     |  |     +- List_GetFirst        (see above)
 |  |     |     |  |     |  
 |  |     |     |  |     +- _PUSH_CC             (see above)
 |  |     |     |  |     |  
 |  |     |     |  |     +- _POP_CC              (see above)
 |  |     |     |  |     |  
 |  |     |     |  |     +- List_Remove          (see above)
 |  |     |     |  |     |  
 |  |     |     |  |     +- PacManToPp_RemoveFromIndirect (see above)
 |  |     |     |  |     |  
 |  |     |     |  |     +- MM_Free              (see above)
 |  |     |     |  |     |  
 |  |     |     |  |     +- List_GetNext         (see above)
 |  |     |     |  |     |  
 |  |     |     |  |     +- MemOh_IsTxPacketInSequencer
 |  |     |     |  |        | 
 |  |     |     |  |        +- _PUSH_CC             (see above)
 |  |     |     |  |        |  
 |  |     |     |  |        +- _POP_CC              (see above)
 |  |     |     |  |           
 |  |     |     |  +- MCPS_NWK_SapHandler  (see above)
 |  |     |     |     
 |  |     |     +- MM_Free              (see above)
 |  |     |     |  
 |  |     |     +- Asp_Main            
 |  |     |     |  | 
 |  |     |     |  +- List_RemoveHead      (see above)
 |  |     |     |  |  
 |  |     |     |  +- Asp_SendBeaconStateInd
 |  |     |     |  |  | 
 |  |     |     |  |  +- MemOh_SeqReadClockReq (see above)
 |  |     |     |  |  |  
 |  |     |     |  |  +- Asp_ZbClock24ToByteArray
 |  |     |     |  |       
 |  |     |     |  +- ASP_APP_SapHandler  
 |  |     |     |  |  | 
 |  |     |     |  |  +- MM_Free              (see above)
 |  |     |     |  |     
 |  |     |     |  +- MM_Free              (see above)
 |  |     |     |  |  
 |  |     |     |  +- TS_SendEvent         (see above)
 |  |     |     |  |  
 |  |     |     |  +- ASP_TestMain        
 |  |     |     |     | 
 |  |     |     |     +- _CALL_STAR08_FAR     (see above)
 |  |     |     |        
 |  |     |     +- BeaconMaintenance   
 |  |     |        | 
 |  |     |        +- MlmeGts_GuardedActionHandler
 |  |     |        |  | 
 |  |     |        |  +- MlmeGts_Reset        (see above)
 |  |     |        |  |  
 |  |     |        |  +- MlmeGts_ProcessPendingRequest
 |  |     |        |  |  | 
 |  |     |        |  |  +- MlmeOh_CreateCommandFrameMessage (see above)
 |  |     |        |  |  |  
 |  |     |        |  |  +- gtsDeallocateSlot    (see above)
 |  |     |        |  |  |  
 |  |     |        |  |  +- gtsAlignSlots        (see above)
 |  |     |        |  |  |  
 |  |     |        |  |  +- gtsSendIndication    (see above) (recursive dependency)
 |  |     |        |  |  |  
 |  |     |        |  |  +- MlmeGts_SendConfirm  (see above) (recursive dependency)
 |  |     |        |  |  |  
 |  |     |        |  |  +- Mlme_FreeSendPendingMsg (see above) (recursive dependency)
 |  |     |        |  |     
 |  |     |        |  +- gtsExpireSlot       
 |  |     |        |  |  | 
 |  |     |        |  |  +- gtsFlushAnchor       (see above)
 |  |     |        |  |  |  
 |  |     |        |  |  +- FLib_MemCpy          (see above)
 |  |     |        |  |  |  
 |  |     |        |  |  +- FLib_MemSet          (see above)
 |  |     |        |  |  |  
 |  |     |        |  |  +- gtsAlignSlots        (see above)
 |  |     |        |  |  |  
 |  |     |        |  |  +- gtsSendIndication    (see above) (recursive dependency)
 |  |     |        |  |     
 |  |     |        |  +- gtsForcedDelete     
 |  |     |        |     | 
 |  |     |        |     +- gtsSendIndication    (see above) (recursive dependency)
 |  |     |        |     |  
 |  |     |        |     +- gtsDeallocateSlot    (see above)
 |  |     |        |     |  
 |  |     |        |     +- gtsAlignSlots        (see above)
 |  |     |        |        
 |  |     |        +- MlmeGts_GenerateGtsData (see above)
 |  |     |        |  
 |  |     |        +- PacMan_CheckForExpired (see above)
 |  |     |           
 |  |     +- TS_CreateTask        (see above)
 |  |     |  
 |  |     +- _CALL_STAR08_FAR     (see above)
 |  |        
 |  +- AppTask             
 |  |  | 
 |  |  +- List_RemoveHead      (see above)
 |  |  |  
 |  |  +- App_WaitMsg         
 |  |  |    
 |  |  +- MM_Free              (see above)
 |  |  |  
 |  |  +- App_StartScan       
 |  |  |  | 
 |  |  |  +- MM_Alloc             (see above)
 |  |  |  |  
 |  |  |  +- NWK_MLME_SapHandler 
 |  |  |  |  | 
 |  |  |  |  +- Mlme_VerifyNwkInput 
 |  |  |  |  |  | 
 |  |  |  |  |  +- FLib_MemCmp          (see above)
 |  |  |  |  |  |  
 |  |  |  |  |  +- _LLSL                (see above)
 |  |  |  |  |  |  
 |  |  |  |  |  +- _POP32               (see above)
 |  |  |  |  |  |  
 |  |  |  |  |  +- _LCMP                (see above)
 |  |  |  |  |  |  
 |  |  |  |  |  +- Mlme_CheckPibAttributes
 |  |  |  |  |     | 
 |  |  |  |  |     +- _LLSL                (see above)
 |  |  |  |  |     |  
 |  |  |  |  |     +- _POP32               (see above)
 |  |  |  |  |     |  
 |  |  |  |  |     +- _SEXT16_32           (see above)
 |  |  |  |  |        
 |  |  |  |  +- ZTC_TaskEventMonitor
 |  |  |  |  |    
 |  |  |  |  +- Mlme_HandleSetGetReq
 |  |  |  |  |  | 
 |  |  |  |  |  +- MPIB_GetPointer      (see above)
 |  |  |  |  |  |  
 |  |  |  |  |  +- _PUSH_CC             (see above)
 |  |  |  |  |  |  
 |  |  |  |  |  +- _POP_CC              (see above)
 |  |  |  |  |  |  
 |  |  |  |  |  +- MlmeOh_MemMsg        (see above)
 |  |  |  |  |  |  
 |  |  |  |  |  +- PhyPpSetPanId        (see above)
 |  |  |  |  |  |  
 |  |  |  |  |  +- PhyPpSetShortAddr    (see above)
 |  |  |  |  |  |  
 |  |  |  |  |  +- PhyPpSetPromiscuous  (see above)
 |  |  |  |  |  |  
 |  |  |  |  |  +- FLib_MemCpyDir      
 |  |  |  |  |  |  | 
 |  |  |  |  |  |  +- FLib_MemCpy          (see above)
 |  |  |  |  |  |     
 |  |  |  |  |  +- MlmeOh_SendMem       (see above) (recursive dependency)
 |  |  |  |  |     
 |  |  |  |  +- Mlme_Reset          
 |  |  |  |  |  | 
 |  |  |  |  |  +- PhyAbort             (see above)
 |  |  |  |  |  |  
 |  |  |  |  |  +- PhyInit              (see above)
 |  |  |  |  |  |  
 |  |  |  |  |  +- MacPhyInit_WriteExtAddress (see above)
 |  |  |  |  |  |  
 |  |  |  |  |  +- PhyPpSetCcaThreshold (see above)
 |  |  |  |  |  |  
 |  |  |  |  |  +- InitializeMac        (see above)
 |  |  |  |  |     
 |  |  |  |  +- List_AddTail         (see above)
 |  |  |  |  |  
 |  |  |  |  +- TS_SendEvent         (see above)
 |  |  |  |     
 |  |  |  +- UartUtil_Print      
 |  |  |     | 
 |  |  |     +- Uart1_IsTxActive    
 |  |  |     |    
 |  |  |     +- UartUtil_TxCallback 
 |  |  |     |  | 
 |  |  |     |  +- UartUtil_TxCallbackPaged
 |  |  |     |       
 |  |  |     +- Uart1_Transmit      
 |  |  |        | 
 |  |  |        +- _CMP24_RC            (see above)
 |  |  |        |  
 |  |  |        +- _CALL_STAR08_FAR     (see above)
 |  |  |           
 |  |  +- App_HandleScanActiveConfirm
 |  |  |  | 
 |  |  |  +- FLib_MemCpy          (see above)
 |  |  |  |  
 |  |  |  +- MM_Free              (see above)
 |  |  |  |  
 |  |  |  +- MM_Alloc             (see above)
 |  |  |  |  
 |  |  |  +- NWK_MLME_SapHandler  (see above)
 |  |  |     
 |  |  +- UartUtil_PrintHex   
 |  |  |  | 
 |  |  |  +- Uart1_IsTxActive     (see above)
 |  |  |  |  
 |  |  |  +- HexToAscii          
 |  |  |  |    
 |  |  |  +- UartUtil_TxCallback  (see above)
 |  |  |  |  
 |  |  |  +- Uart1_Transmit       (see above)
 |  |  |     
 |  |  +- App_SendAssociateRequest
 |  |  |  | 
 |  |  |  +- MM_Alloc             (see above)
 |  |  |  |  
 |  |  |  +- FLib_MemCpy          (see above)
 |  |  |  |  
 |  |  |  +- NWK_MLME_SapHandler  (see above)
 |  |  |  |  
 |  |  |  +- UartUtil_Print       (see above)
 |  |  |     
 |  |  +- App_HandleAssociateConfirm
 |  |  |  | 
 |  |  |  +- FLib_MemCpy          (see above)
 |  |  |  |  
 |  |  |  +- MM_Alloc             (see above)
 |  |  |  |  
 |  |  |  +- NWK_MLME_SapHandler  (see above)
 |  |  |     
 |  |  +- App_HandleMlmeInput 
 |  |  |  | 
 |  |  |  +- MM_Free              (see above)
 |  |  |     
 |  |  +- MMA8652_Start_Periodical_data
 |  |  |  | 
 |  |  |  +- MMA8652_Periodical_data
 |  |  |  |  | 
 |  |  |  |  +- IIC_RegRead         
 |  |  |  |  |  | 
 |  |  |  |  |  +- IIC_Start           
 |  |  |  |  |  |    
 |  |  |  |  |  +- IIC_CycleWrite      
 |  |  |  |  |  |    
 |  |  |  |  |  +- IIC_RepeatStart     
 |  |  |  |  |  |    
 |  |  |  |  |  +- IIC_CycleRead       
 |  |  |  |  |  |    
 |  |  |  |  |  +- IIC_StopRead        
 |  |  |  |  |       
 |  |  |  |  +- IIC_RegReadN        
 |  |  |  |  |  | 
 |  |  |  |  |  +- IIC_Start            (see above)
 |  |  |  |  |  |  
 |  |  |  |  |  +- IIC_CycleWrite       (see above)
 |  |  |  |  |  |  
 |  |  |  |  |  +- IIC_RepeatStart      (see above)
 |  |  |  |  |  |  
 |  |  |  |  |  +- IIC_CycleRead        (see above)
 |  |  |  |  |  |  
 |  |  |  |  |  +- IIC_StopRead         (see above)
 |  |  |  |  |     
 |  |  |  |  +- _CALL_STAR08_FAR     (see above)
 |  |  |  |     
 |  |  |  +- TMR_StartIntervalTimer (see above)
 |  |  |     
 |  |  +- App_TransmitSensorData
 |  |  |  | 
 |  |  |  +- MMA8652_CatchSensorData
 |  |  |  |    
 |  |  |  +- UartUtil_PrintHex    (see above)
 |  |  |  |  
 |  |  |  +- GenandTransData     
 |  |  |  |  | 
 |  |  |  |  +- MM_Alloc             (see above)
 |  |  |  |  |  
 |  |  |  |  +- FLib_MemCpy          (see above)
 |  |  |  |  |  
 |  |  |  |  +- NWK_MCPS_SapHandler 
 |  |  |  |     | 
 |  |  |  |     +- List_AddTail         (see above)
 |  |  |  |     |  
 |  |  |  |     +- _CMP24_RC            (see above)
 |  |  |  |     |  
 |  |  |  |     +- SeqSubCompIdleState  (see above) (recursive dependency)
 |  |  |  |     |  
 |  |  |  |     +- _PUSH_CC             (see above)
 |  |  |  |     |  
 |  |  |  |     +- _POP_CC              (see above)
 |  |  |  |     |  
 |  |  |  |     +- gMemLwrSm            (see above)
 |  |  |  |     |  
 |  |  |  |     +- MemDataWfTxComplete  (see above) (recursive dependency)
 |  |  |  |     |  
 |  |  |  |     +- MemLwrIdle           (see above) (recursive dependency)
 |  |  |  |     |  
 |  |  |  |     +- TS_SendEvent         (see above)
 |  |  |  |     |  
 |  |  |  |     +- ZTC_TaskEventMonitor (see above)
 |  |  |  |        
 |  |  |  +- _IDIVS_STAR08       
 |  |  |  |  | 
 |  |  |  |  +- _SPLITSIGN          
 |  |  |  |     | 
 |  |  |  |     +- _IDIVMOD            
 |  |  |  |          
 |  |  |  +- _IMUL_STAR08         (see above)
 |  |  |  |  
 |  |  |  +- UartUtil_Print       (see above)
 |  |  |     
 |  |  +- App_HandleScanEdConfirm
 |  |  |  | 
 |  |  |  +- _LLSR               
 |  |  |  |  | 
 |  |  |  |  +- _ENTER_UNARY_L       (see above)
 |  |  |  |     
 |  |  |  +- UartUtil_PrintHex    (see above)
 |  |  |  |  
 |  |  |  +- MM_Free              (see above)
 |  |  |  |  
 |  |  |  +- UartUtil_Print       (see above)
 |  |  |     
 |  |  +- App_StartRooter     
 |  |  |  | 
 |  |  |  +- MM_Alloc             (see above)
 |  |  |  |  
 |  |  |  +- NWK_MLME_SapHandler  (see above)
 |  |  |  |  
 |  |  |  +- FLib_MemCpy          (see above)
 |  |  |  |  
 |  |  |  +- UartUtil_Print       (see above)
 |  |  |     
 |  |  +- TS_SendEvent         (see above)
 |  |  |  
 |  |  +- Router_HandleMlmeInput
 |  |  |  | 
 |  |  |  +- UartUtil_Print       (see above)
 |  |  |  |  
 |  |  |  +- Router_SendAssociateResponse
 |  |  |  |  | 
 |  |  |  |  +- MM_Alloc             (see above)
 |  |  |  |  |  
 |  |  |  |  +- FLib_MemCpy          (see above)
 |  |  |  |  |  
 |  |  |  |  +- NWK_MLME_SapHandler  (see above)
 |  |  |  |  |  
 |  |  |  |  +- UartUtil_Print       (see above)
 |  |  |  |     
 |  |  |  +- UartUtil_PrintHex    (see above)
 |  |  |     
 |  |  +- Router_TransmitUartData
 |  |  |  | 
 |  |  |  +- Uart1_GetByteFromRxBuffer
 |  |  |  |    
 |  |  |  +- MM_Alloc             (see above)
 |  |  |  |  
 |  |  |  +- FLib_MemCpy          (see above)
 |  |  |  |  
 |  |  |  +- NWK_MCPS_SapHandler  (see above)
 |  |  |  |  
 |  |  |  +- TS_SendEvent         (see above)
 |  |  |     
 |  |  +- Router_HandleMcpsInput
 |  |  |  | 
 |  |  |  +- UartUtil_Tx         
 |  |  |  |  | 
 |  |  |  |  +- UartUtil_TxCallback  (see above)
 |  |  |  |  |  
 |  |  |  |  +- Uart1_Transmit       (see above)
 |  |  |  |  |  
 |  |  |  |  +- Uart1_IsTxActive     (see above)
 |  |  |  |     
 |  |  |  +- UartUtil_PrintHex    (see above)
 |  |  |  |  
 |  |  |  +- UartUtil_Print       (see above)
 |  |  |     
 |  |  +- UartUtil_Print       (see above)
 |  |     
 |  +- TS_CreateTask        (see above)
 |  |  
 |  +- MApp_init           
 |  |  | 
 |  |  +- Init_MacExtendedAddress
 |  |  |  | 
 |  |  |  +- MacPhyInit_WriteExtAddress (see above)
 |  |  |     
 |  |  +- App_HandleKeys      
 |  |  |  | 
 |  |  |  +- App_HandleGenericKey
 |  |  |     | 
 |  |  |     +- LED_StopFlash       
 |  |  |     |  | 
 |  |  |     |  +- LED_TurnOffLed      
 |  |  |     |  |    
 |  |  |     |  +- TMR_StopTimer        (see above)
 |  |  |     |     
 |  |  |     +- TS_SendEvent         (see above)
 |  |  |        
 |  |  +- KBD_Init            
 |  |  |  | 
 |  |  |  +- TMR_AllocateTimer    (see above)
 |  |  |  |  
 |  |  |  +- KBD_MatrixSetRows    (see above)
 |  |  |     
 |  |  +- SPI1_Init           
 |  |  |    
 |  |  +- LED_Init            
 |  |  |  | 
 |  |  |  +- TMR_AllocateTimer    (see above)
 |  |  |  |  
 |  |  |  +- LED_TurnOffAllLeds  
 |  |  |     | 
 |  |  |     +- LED_TurnOffLed       (see above)
 |  |  |        
 |  |  +- PWRLib_Init         
 |  |  |    
 |  |  +- Uart1_SetBaud        (see above)
 |  |  |  
 |  |  +- UartRxCallBack      
 |  |  |  | 
 |  |  |  +- TS_SendEvent         (see above)
 |  |  |  |  
 |  |  |  +- Uart1_GetByteFromRxBuffer (see above)
 |  |  |     
 |  |  +- Uart1_SetRxCallBack 
 |  |  |  | 
 |  |  |  +- _CMP24_RC            (see above)
 |  |  |     
 |  |  +- IIC_Bus_Reset       
 |  |  |  | 
 |  |  |  +- _IMODS_STAR08       
 |  |  |     | 
 |  |  |     +- _SPLITSIGN           (see above)
 |  |  |        
 |  |  +- IIC_ModuleInit      
 |  |  |    
 |  |  +- MMA8652_Init        
 |  |  |  | 
 |  |  |  +- MMA8652_CallBack    
 |  |  |  |  | 
 |  |  |  |  +- TS_SendEvent         (see above)
 |  |  |  |     
 |  |  |  +- MMA8652_SetCallBack 
 |  |  |  |    
 |  |  |  +- MMA8652_int         
 |  |  |     | 
 |  |  |     +- IIC_RegWrite        
 |  |  |     |  | 
 |  |  |     |  +- IIC_Start            (see above)
 |  |  |     |  |  
 |  |  |     |  +- IIC_CycleWrite       (see above)
 |  |  |     |  |  
 |  |  |     |  +- IIC_Stop            
 |  |  |     |       
 |  |  |     +- TMR_AllocateTimer    (see above)
 |  |  |        
 |  |  +- List_ClearAnchor     (see above)
 |  |  |  
 |  |  +- LED_StartFlash      
 |  |  |  | 
 |  |  |  +- LED_FlashTimeout    
 |  |  |  |    
 |  |  |  +- TMR_StartIntervalTimer (see above)
 |  |  |     
 |  |  +- UartUtil_Print       (see above)
 |  |  |  
 |  |  +- TMR_AllocateTimer    (see above)
 |  |  |  
 |  |  +- count_timer         
 |  |  |    
 |  |  +- TMR_StartIntervalTimer (see above)
 |  |     
 |  +- PWR_DisallowDeviceToSleep
 |  |    
 |  +- TS_Scheduler        
 |     | 
 |     +- _CALL_STAR08_FAR     (see above)
 |        
 +- _Startup             (see above) (recursive dependency)
    
*********************************************************************************************
STATISTIC SECTION
---------------------------------------------------------------------------------------------

ExeFile:
--------
Number of blocks to be downloaded: 15
Total size of all blocks to be downloaded: 54085

